Archive member included to satisfy reference by file (symbol)

c:/altera/15.0/nios2eds/bin/gnu/h-x86_64-mingw32/bin/../lib/gcc/nios2-elf/4.9.1/mno-hw-mul\libgcc.a(_fixunsdfsi.o)
                              obj/default/main.o (__fixunsdfsi)
c:/altera/15.0/nios2eds/bin/gnu/h-x86_64-mingw32/bin/../lib/gcc/nios2-elf/4.9.1/mno-hw-mul\libgcc.a(lib2-divmod.o)
                              obj/default/main.o (__divsi3)
c:/altera/15.0/nios2eds/bin/gnu/h-x86_64-mingw32/bin/../lib/gcc/nios2-elf/4.9.1/mno-hw-mul\libgcc.a(adddf3.o)
                              obj/default/main.o (__adddf3)
c:/altera/15.0/nios2eds/bin/gnu/h-x86_64-mingw32/bin/../lib/gcc/nios2-elf/4.9.1/mno-hw-mul\libgcc.a(gedf2.o)
                              c:/altera/15.0/nios2eds/bin/gnu/h-x86_64-mingw32/bin/../lib/gcc/nios2-elf/4.9.1/mno-hw-mul\libgcc.a(_fixunsdfsi.o) (__gedf2)
c:/altera/15.0/nios2eds/bin/gnu/h-x86_64-mingw32/bin/../lib/gcc/nios2-elf/4.9.1/mno-hw-mul\libgcc.a(ledf2.o)
                              obj/default/main.o (__ledf2)
c:/altera/15.0/nios2eds/bin/gnu/h-x86_64-mingw32/bin/../lib/gcc/nios2-elf/4.9.1/mno-hw-mul\libgcc.a(muldf3.o)
                              obj/default/main.o (__muldf3)
c:/altera/15.0/nios2eds/bin/gnu/h-x86_64-mingw32/bin/../lib/gcc/nios2-elf/4.9.1/mno-hw-mul\libgcc.a(subdf3.o)
                              obj/default/main.o (__subdf3)
c:/altera/15.0/nios2eds/bin/gnu/h-x86_64-mingw32/bin/../lib/gcc/nios2-elf/4.9.1/mno-hw-mul\libgcc.a(fixdfsi.o)
                              obj/default/main.o (__fixdfsi)
c:/altera/15.0/nios2eds/bin/gnu/h-x86_64-mingw32/bin/../lib/gcc/nios2-elf/4.9.1/mno-hw-mul\libgcc.a(floatsidf.o)
                              obj/default/main.o (__floatsidf)
c:/altera/15.0/nios2eds/bin/gnu/h-x86_64-mingw32/bin/../lib/gcc/nios2-elf/4.9.1/mno-hw-mul\libgcc.a(floatunsidf.o)
                              obj/default/main.o (__floatunsidf)
c:/altera/15.0/nios2eds/bin/gnu/h-x86_64-mingw32/bin/../lib/gcc/nios2-elf/4.9.1/mno-hw-mul\libgcc.a(_clzsi2.o)
                              c:/altera/15.0/nios2eds/bin/gnu/h-x86_64-mingw32/bin/../lib/gcc/nios2-elf/4.9.1/mno-hw-mul\libgcc.a(adddf3.o) (__clzsi2)
c:/altera/15.0/nios2eds/bin/gnu/h-x86_64-mingw32/bin/../lib/gcc/nios2-elf/4.9.1/mno-hw-mul\libgcc.a(lib2-mul.o)
                              c:/altera/15.0/nios2eds/bin/gnu/h-x86_64-mingw32/bin/../lib/gcc/nios2-elf/4.9.1/mno-hw-mul\libgcc.a(muldf3.o) (__mulsi3)
c:/altera/15.0/nios2eds/bin/gnu/h-x86_64-mingw32/bin/../lib/gcc/nios2-elf/4.9.1/mno-hw-mul\libgcc.a(_clz.o)
                              c:/altera/15.0/nios2eds/bin/gnu/h-x86_64-mingw32/bin/../lib/gcc/nios2-elf/4.9.1/mno-hw-mul\libgcc.a(_clzsi2.o) (__clz_tab)
c:/altera/15.0/nios2eds/bin/gnu/h-x86_64-mingw32/bin/../lib/gcc/nios2-elf/4.9.1/../../../../../H-x86_64-mingw32/nios2-elf/lib/mno-hw-mul\libc.a(lib_a-rand.o)
                              obj/default/main.o (rand)
c:/altera/15.0/nios2eds/bin/gnu/h-x86_64-mingw32/bin/../lib/gcc/nios2-elf/4.9.1/../../../../../H-x86_64-mingw32/nios2-elf/lib/mno-hw-mul\libc.a(lib_a-impure.o)
                              c:/altera/15.0/nios2eds/bin/gnu/h-x86_64-mingw32/bin/../lib/gcc/nios2-elf/4.9.1/../../../../../H-x86_64-mingw32/nios2-elf/lib/mno-hw-mul\libc.a(lib_a-rand.o) (_impure_ptr)
c:/altera/15.0/nios2eds/bin/gnu/h-x86_64-mingw32/bin/../lib/gcc/nios2-elf/4.9.1/mno-hw-mul\libgcc.a(_muldi3.o)
                              c:/altera/15.0/nios2eds/bin/gnu/h-x86_64-mingw32/bin/../lib/gcc/nios2-elf/4.9.1/../../../../../H-x86_64-mingw32/nios2-elf/lib/mno-hw-mul\libc.a(lib_a-rand.o) (__muldi3)
../flappy_bird_control_bsp/\libhal_bsp.a(alt_load.o)
                              ../flappy_bird_control_bsp//obj/HAL/src/crt0.o (alt_load)
../flappy_bird_control_bsp/\libhal_bsp.a(alt_main.o)
                              ../flappy_bird_control_bsp//obj/HAL/src/crt0.o (alt_main)
../flappy_bird_control_bsp/\libhal_bsp.a(alt_sys_init.o)
                              ../flappy_bird_control_bsp/\libhal_bsp.a(alt_main.o) (alt_irq_init)
../flappy_bird_control_bsp/\libhal_bsp.a(altera_avalon_jtag_uart_fd.o)
                              ../flappy_bird_control_bsp/\libhal_bsp.a(alt_sys_init.o) (altera_avalon_jtag_uart_read_fd)
../flappy_bird_control_bsp/\libhal_bsp.a(altera_avalon_jtag_uart_init.o)
                              ../flappy_bird_control_bsp/\libhal_bsp.a(alt_sys_init.o) (altera_avalon_jtag_uart_init)
../flappy_bird_control_bsp/\libhal_bsp.a(altera_avalon_jtag_uart_ioctl.o)
                              ../flappy_bird_control_bsp/\libhal_bsp.a(altera_avalon_jtag_uart_fd.o) (altera_avalon_jtag_uart_ioctl)
../flappy_bird_control_bsp/\libhal_bsp.a(altera_avalon_jtag_uart_read.o)
                              ../flappy_bird_control_bsp/\libhal_bsp.a(altera_avalon_jtag_uart_fd.o) (altera_avalon_jtag_uart_read)
../flappy_bird_control_bsp/\libhal_bsp.a(altera_avalon_jtag_uart_write.o)
                              ../flappy_bird_control_bsp/\libhal_bsp.a(altera_avalon_jtag_uart_fd.o) (altera_avalon_jtag_uart_write)
[...]
Memory Configuration

Name             Origin             Length             Attributes
onchip_memory2_0 0x0000000000000000 0x0000000000000010
reset            0x0000000008000000 0x0000000000000020
sdram            0x0000000008000020 0x0000000003ffffe0
*default*        0x0000000000000000 0xffffffffffffffff

Linker script and memory map

LOAD ../flappy_bird_control_bsp//obj/HAL/src/crt0.o
LOAD obj/default/main.o
LOAD c:/altera/15.0/nios2eds/bin/gnu/h-x86_64-mingw32/bin/../lib/gcc/nios2-elf/4.9.1/../../../../../H-x86_64-mingw32/nios2-elf/lib/mno-hw-mul\libstdc++.a
LOAD c:/altera/15.0/nios2eds/bin/gnu/h-x86_64-mingw32/bin/../lib/gcc/nios2-elf/4.9.1/../../../../../H-x86_64-mingw32/nios2-elf/lib/mno-hw-mul\libm.a
LOAD c:/altera/15.0/nios2eds/bin/gnu/h-x86_64-mingw32/bin/../lib/gcc/nios2-elf/4.9.1/mno-hw-mul\libgcc.a
START GROUP
LOAD c:/altera/15.0/nios2eds/bin/gnu/h-x86_64-mingw32/bin/../lib/gcc/nios2-elf/4.9.1/../../../../../H-x86_64-mingw32/nios2-elf/lib/mno-hw-mul\libc.a
LOAD c:/altera/15.0/nios2eds/bin/gnu/h-x86_64-mingw32/bin/../lib/gcc/nios2-elf/4.9.1/mno-hw-mul\libgcc.a
LOAD ../flappy_bird_control_bsp/\libhal_bsp.a
LOAD c:/altera/15.0/nios2eds/bin/gnu/h-x86_64-mingw32/bin/../lib/gcc/nios2-elf/4.9.1/../../../../../H-x86_64-mingw32/nios2-elf/lib/mno-hw-mul\libm.a
END GROUP
LOAD c:/altera/15.0/nios2eds/bin/gnu/h-x86_64-mingw32/bin/../lib/gcc/nios2-elf/4.9.1/mno-hw-mul\libgcc.a
                0x0000000000000000                __alt_mem_onchip_memory2_0 = 0x0
                0x0000000008000000                __alt_mem_sdram = 0x8000000

.entry          0x0000000008000000       0x20
 *(.entry)
 .entry         0x0000000008000000       0x20 ../flappy_bird_control_bsp//obj/HAL/src/crt0.o
                0x0000000008000000                __reset

.exceptions     0x0000000008000020      0x20c
                0x0000000008000020                PROVIDE (__ram_exceptions_start, ABSOLUTE (.))
                0x0000000008000020                . = ALIGN (0x20)
 *(.irq)
 *(.exceptions.entry.label)
 .exceptions.entry.label
                0x0000000008000020        0x0 ../flappy_bird_control_bsp/\libhal_bsp.a(alt_irq_entry.o)
                0x0000000008000020                alt_irq_entry
 .exceptions.entry.label
                0x0000000008000020        0x0 ../flappy_bird_control_bsp/\libhal_bsp.a(alt_exception_entry.o)
                0x0000000008000020                alt_exception
 *(.exceptions.entry.user)
 *(.exceptions.entry.ecc_fatal)
 *(.exceptions.entry)
 .exceptions.entry
                0x0000000008000020       0x54 ../flappy_bird_control_bsp/\libhal_bsp.a(alt_exception_entry.o)
 *(.exceptions.irqtest.user)
 *(.exceptions.irqtest)
 .exceptions.irqtest
                0x0000000008000074       0x10 ../flappy_bird_control_bsp/\libhal_bsp.a(alt_irq_entry.o)
 *(.exceptions.irqhandler.user)
 *(.exceptions.irqhandler)
 .exceptions.irqhandler
                0x0000000008000084        0x4 ../flappy_bird_control_bsp/\libhal_bsp.a(alt_irq_entry.o)
 *(.exceptions.irqreturn.user)
 *(.exceptions.irqreturn)
 .exceptions.irqreturn
                0x0000000008000088        0x4 ../flappy_bird_control_bsp/\libhal_bsp.a(alt_irq_entry.o)
 *(.exceptions.notirq.label)
 .exceptions.notirq.label
                0x000000000800008c        0x0 ../flappy_bird_control_bsp/\libhal_bsp.a(alt_irq_entry.o)
 *(.exceptions.notirq.user)
 *(.exceptions.notirq)
 .exceptions.notirq
                0x000000000800008c        0x8 ../flappy_bird_control_bsp/\libhal_bsp.a(alt_exception_entry.o)
 *(.exceptions.soft.user)
 *(.exceptions.soft)
 *(.exceptions.unknown.user)
 *(.exceptions.unknown)
 .exceptions.unknown
                0x0000000008000094       0x14 ../flappy_bird_control_bsp/\libhal_bsp.a(alt_exception_entry.o)
 *(.exceptions.exit.label)
 .exceptions.exit.label
                0x00000000080000a8        0x0 ../flappy_bird_control_bsp/\libhal_bsp.a(alt_irq_entry.o)
 .exceptions.exit.label
                0x00000000080000a8        0x0 ../flappy_bird_control_bsp/\libhal_bsp.a(alt_exception_entry.o)
 *(.exceptions.exit.user)
 *(.exceptions.exit)
 .exceptions.exit
                0x00000000080000a8       0x54 ../flappy_bird_control_bsp/\libhal_bsp.a(alt_exception_entry.o)
 *(.exceptions)
 .exceptions    0x00000000080000fc       0xd0 ../flappy_bird_control_bsp/\libhal_bsp.a(alt_irq_handler.o)
                0x00000000080000fc                alt_irq_handler
 .exceptions    0x00000000080001cc       0x60 ../flappy_bird_control_bsp/\libhal_bsp.a(alt_instruction_exception_entry.o)
                0x00000000080001cc                alt_instruction_exception_entry
                0x000000000800022c                PROVIDE (__ram_exceptions_end, ABSOLUTE (.))
                0x0000000008000020                PROVIDE (__flash_exceptions_start, LOADADDR (.exceptions))

.text           0x000000000800022c     0x546c
                0x000000000800022c                PROVIDE (stext, ABSOLUTE (.))
 *(.interp)
 *(.hash)
 *(.dynsym)
 *(.dynstr)
 *(.gnu.version)
 *(.gnu.version_d)
 *(.gnu.version_r)
 *(.rel.init)
 *(.rela.init)
 *(.rel.text .rel.text.* .rel.gnu.linkonce.t.*)
 *(.rela.text .rela.text.* .rela.gnu.linkonce.t.*)
 *(.rel.fini)
 *(.rela.fini)
 *(.rel.rodata .rel.rodata.* .rel.gnu.linkonce.r.*)
 *(.rela.rodata .rela.rodata.* .rela.gnu.linkonce.r.*)
 *(.rel.data .rel.data.* .rel.gnu.linkonce.d.*)
 *(.rela.data .rela.data.* .rela.gnu.linkonce.d.*)
 *(.rel.tdata .rel.tdata.* .rel.gnu.linkonce.td.*)
 *(.rela.tdata .rela.tdata.* .rela.gnu.linkonce.td.*)
 *(.rel.tbss .rel.tbss.* .rel.gnu.linkonce.tb.*)
 *(.rela.tbss .rela.tbss.* .rela.gnu.linkonce.tb.*)
 *(.rel.ctors)
 *(.rela.ctors)
 *(.rel.dtors)
 *(.rela.dtors)
 *(.rel.got)
 *(.rela.got)
 *(.rel.sdata .rel.sdata.* .rel.gnu.linkonce.s.*)
 *(.rela.sdata .rela.sdata.* .rela.gnu.linkonce.s.*)
 *(.rel.sbss .rel.sbss.* .rel.gnu.linkonce.sb.*)
 *(.rela.sbss .rela.sbss.* .rela.gnu.linkonce.sb.*)
 *(.rel.sdata2 .rel.sdata2.* .rel.gnu.linkonce.s2.*)
 *(.rela.sdata2 .rela.sdata2.* .rela.gnu.linkonce.s2.*)
 *(.rel.sbss2 .rel.sbss2.* .rel.gnu.linkonce.sb2.*)
 *(.rela.sbss2 .rela.sbss2.* .rela.gnu.linkonce.sb2.*)
 *(.rel.bss .rel.bss.* .rel.gnu.linkonce.b.*)
 *(.rela.bss .rela.bss.* .rela.gnu.linkonce.b.*)
 *(.rel.plt)
 *(.rela.plt)
 *(.rel.dyn)
 *(.init)
 *(.plt)
 *(.text .stub .text.* .gnu.linkonce.t.*)
 .text          0x000000000800022c       0x3c ../flappy_bird_control_bsp//obj/HAL/src/crt0.o
                0x000000000800022c                _start
 .text          0x0000000008000268     0x1084 obj/default/main.o
                0x0000000008000268                debouncer
                0x00000000080002cc                randomHeight
                0x000000000800030c                initialize_game
                0x0000000008000480                AIPlayer
                0x0000000008000584                bird_alive
                0x0000000008000648                main
 .text          0x00000000080012ec       0x74 c:/altera/15.0/nios2eds/bin/gnu/h-x86_64-mingw32/bin/../lib/gcc/nios2-elf/4.9.1/mno-hw-mul\libgcc.a(_fixunsdfsi.o)
                0x00000000080012ec                __fixunsdfsi
 .text          0x0000000008001360      0x12c c:/altera/15.0/nios2eds/bin/gnu/h-x86_64-mingw32/bin/../lib/gcc/nios2-elf/4.9.1/mno-hw-mul\libgcc.a(lib2-divmod.o)
                0x00000000080013cc                __divsi3
                0x0000000008001420                __modsi3
                0x000000000800147c                __udivsi3
                0x0000000008001484                __umodsi3
 .text          0x000000000800148c      0x89c c:/altera/15.0/nios2eds/bin/gnu/h-x86_64-mingw32/bin/../lib/gcc/nios2-elf/4.9.1/mno-hw-mul\libgcc.a(adddf3.o)
                0x000000000800148c                __adddf3
 .text          0x0000000008001d28       0xe0 c:/altera/15.0/nios2eds/bin/gnu/h-x86_64-mingw32/bin/../lib/gcc/nios2-elf/4.9.1/mno-hw-mul\libgcc.a(gedf2.o)
                0x0000000008001d28                __gedf2
                0x0000000008001d28                __gtdf2
 .text          0x0000000008001e08       0xe0 c:/altera/15.0/nios2eds/bin/gnu/h-x86_64-mingw32/bin/../lib/gcc/nios2-elf/4.9.1/mno-hw-mul\libgcc.a(ledf2.o)
                0x0000000008001e08                __ledf2
                0x0000000008001e08                __ltdf2
 .text          0x0000000008001ee8      0x86c c:/altera/15.0/nios2eds/bin/gnu/h-x86_64-mingw32/bin/../lib/gcc/nios2-elf/4.9.1/mno-hw-mul\libgcc.a(muldf3.o)
                0x0000000008001ee8                __muldf3
 .text          0x0000000008002754      0x8d0 c:/altera/15.0/nios2eds/bin/gnu/h-x86_64-mingw32/bin/../lib/gcc/nios2-elf/4.9.1/mno-hw-mul\libgcc.a(subdf3.o)
                0x0000000008002754                __subdf3
 .text          0x0000000008003024       0x88 c:/altera/15.0/nios2eds/bin/gnu/h-x86_64-mingw32/bin/../lib/gcc/nios2-elf/4.9.1/mno-hw-mul\libgcc.a(fixdfsi.o)
                0x0000000008003024                __fixdfsi
 .text          0x00000000080030ac       0xd0 c:/altera/15.0/nios2eds/bin/gnu/h-x86_64-mingw32/bin/../lib/gcc/nios2-elf/4.9.1/mno-hw-mul\libgcc.a(floatsidf.o)
                0x00000000080030ac                __floatsidf
 .text          0x000000000800317c       0xa4 c:/altera/15.0/nios2eds/bin/gnu/h-x86_64-mingw32/bin/../lib/gcc/nios2-elf/4.9.1/mno-hw-mul\libgcc.a(floatunsidf.o)
                0x000000000800317c                __floatunsidf
 .text          0x0000000008003220       0x64 c:/altera/15.0/nios2eds/bin/gnu/h-x86_64-mingw32/bin/../lib/gcc/nios2-elf/4.9.1/mno-hw-mul\libgcc.a(_clzsi2.o)
                0x0000000008003220                __clzsi2
 .text          0x0000000008003284       0x28 c:/altera/15.0/nios2eds/bin/gnu/h-x86_64-mingw32/bin/../lib/gcc/nios2-elf/4.9.1/mno-hw-mul\libgcc.a(lib2-mul.o)
                0x0000000008003284                __mulsi3
 .text          0x00000000080032ac        0x0 c:/altera/15.0/nios2eds/bin/gnu/h-x86_64-mingw32/bin/../lib/gcc/nios2-elf/4.9.1/mno-hw-mul\libgcc.a(_clz.o)
 .text          0x00000000080032ac       0x7c c:/altera/15.0/nios2eds/bin/gnu/h-x86_64-mingw32/bin/../lib/gcc/nios2-elf/4.9.1/../../../../../H-x86_64-mingw32/nios2-elf/lib/mno-hw-mul\libc.a(lib_a-rand.o)
                0x00000000080032ac                srand
                0x00000000080032c4                rand
 .text          0x0000000008003328        0x0 c:/altera/15.0/nios2eds/bin/gnu/h-x86_64-mingw32/bin/../lib/gcc/nios2-elf/4.9.1/../../../../../H-x86_64-mingw32/nios2-elf/lib/mno-hw-mul\libc.a(lib_a-impure.o)
 .text          0x0000000008003328      0x10c c:/altera/15.0/nios2eds/bin/gnu/h-x86_64-mingw32/bin/../lib/gcc/nios2-elf/4.9.1/mno-hw-mul\libgcc.a(_muldi3.o)
                0x0000000008003328                __muldi3
 .text          0x0000000008003434       0xe4 ../flappy_bird_control_bsp/\libhal_bsp.a(alt_load.o)
                0x0000000008003498                alt_load
 .text          0x0000000008003518       0x78 ../flappy_bird_control_bsp/\libhal_bsp.a(alt_main.o)
                0x0000000008003518                alt_main
 .text          0x0000000008003590       0xb4 ../flappy_bird_control_bsp/\libhal_bsp.a(alt_sys_init.o)
                0x00000000080035c8                alt_irq_init
                0x00000000080035fc                alt_sys_init
 .text          0x0000000008003644      0x164 ../flappy_bird_control_bsp/\libhal_bsp.a(altera_avalon_jtag_uart_fd.o)
                0x0000000008003644                altera_avalon_jtag_uart_read_fd
                0x00000000080036a4                altera_avalon_jtag_uart_write_fd
                0x0000000008003704                altera_avalon_jtag_uart_close_fd
                0x0000000008003754                altera_avalon_jtag_uart_ioctl_fd
 .text          0x00000000080037a8      0x3d8 ../flappy_bird_control_bsp/\libhal_bsp.a(altera_avalon_jtag_uart_init.o)
                0x00000000080037a8                altera_avalon_jtag_uart_init
                0x0000000008003b18                altera_avalon_jtag_uart_close
 .text          0x0000000008003b80       0xec ../flappy_bird_control_bsp/\libhal_bsp.a(altera_avalon_jtag_uart_ioctl.o)
                0x0000000008003b80                altera_avalon_jtag_uart_ioctl
 .text          0x0000000008003c6c      0x20c ../flappy_bird_control_bsp/\libhal_bsp.a(altera_avalon_jtag_uart_read.o)
                0x0000000008003c6c                altera_avalon_jtag_uart_read
 .text          0x0000000008003e78      0x218 ../flappy_bird_control_bsp/\libhal_bsp.a(altera_avalon_jtag_uart_write.o)
                0x0000000008003e78                altera_avalon_jtag_uart_write
 .text          0x0000000008004090      0x140 ../flappy_bird_control_bsp/\libhal_bsp.a(alt_alarm_start.o)
                0x0000000008004090                alt_alarm_start
 .text          0x00000000080041d0      0x128 ../flappy_bird_control_bsp/\libhal_bsp.a(alt_close.o)
                0x0000000008004220                close
 .text          0x00000000080042f8       0x1c ../flappy_bird_control_bsp/\libhal_bsp.a(alt_dcache_flush_all.o)
                0x00000000080042f8                alt_dcache_flush_all
 .text          0x0000000008004314       0x2c ../flappy_bird_control_bsp/\libhal_bsp.a(alt_dev.o)
 .text          0x0000000008004340       0xf4 ../flappy_bird_control_bsp/\libhal_bsp.a(alt_dev_llist_insert.o)
                0x0000000008004390                alt_dev_llist_insert
 .text          0x0000000008004434       0x5c ../flappy_bird_control_bsp/\libhal_bsp.a(alt_do_ctors.o)
                0x0000000008004434                _do_ctors
 .text          0x0000000008004490       0x5c ../flappy_bird_control_bsp/\libhal_bsp.a(alt_do_dtors.o)
                0x0000000008004490                _do_dtors
 .text          0x00000000080044ec        0x0 ../flappy_bird_control_bsp/\libhal_bsp.a(alt_errno.o)
 .text          0x00000000080044ec       0x1c ../flappy_bird_control_bsp/\libhal_bsp.a(alt_icache_flush_all.o)
                0x00000000080044ec                alt_icache_flush_all
 .text          0x0000000008004508      0x1e0 ../flappy_bird_control_bsp/\libhal_bsp.a(alt_iic.o)
                0x0000000008004508                alt_ic_isr_register
                0x0000000008004558                alt_ic_irq_enable
                0x00000000080045f8                alt_ic_irq_disable
                0x000000000800469c                alt_ic_irq_enabled
 .text          0x00000000080046e8       0xf0 ../flappy_bird_control_bsp/\libhal_bsp.a(alt_iic_isr_register.o)
                0x00000000080046e8                alt_iic_isr_register
 .text          0x00000000080047d8      0x158 ../flappy_bird_control_bsp/\libhal_bsp.a(alt_io_redirect.o)
                0x00000000080048b8                alt_io_redirect
 .text          0x0000000008004930        0x0 ../flappy_bird_control_bsp/\libhal_bsp.a(alt_irq_entry.o)
 .text          0x0000000008004930        0x0 ../flappy_bird_control_bsp/\libhal_bsp.a(alt_irq_handler.o)
 .text          0x0000000008004930        0x0 ../flappy_bird_control_bsp/\libhal_bsp.a(alt_irq_vars.o)
 .text          0x0000000008004930      0x2a4 ../flappy_bird_control_bsp/\libhal_bsp.a(alt_open.o)
                0x0000000008004a74                open
 .text          0x0000000008004bd4       0x80 ../flappy_bird_control_bsp/\libhal_bsp.a(alt_release_fd.o)
                0x0000000008004bd4                alt_release_fd
 .text          0x0000000008004c54      0x19c ../flappy_bird_control_bsp/\libhal_bsp.a(alt_tick.o)
                0x0000000008004c54                alt_alarm_stop
                0x0000000008004cec                alt_tick
 .text          0x0000000008004df0       0x20 ../flappy_bird_control_bsp/\libhal_bsp.a(altera_nios2_gen2_irq.o)
                0x0000000008004df0                altera_nios2_gen2_irq_init
 .text          0x0000000008004e10        0x0 ../flappy_bird_control_bsp/\libhal_bsp.a(alt_exception_entry.o)
 .text          0x0000000008004e10       0x90 ../flappy_bird_control_bsp/\libhal_bsp.a(alt_find_dev.o)
                0x0000000008004e10                alt_find_dev
 .text          0x0000000008004ea0      0x114 ../flappy_bird_control_bsp/\libhal_bsp.a(alt_find_file.o)
                0x0000000008004ea0                alt_find_file
 .text          0x0000000008004fb4       0xd4 ../flappy_bird_control_bsp/\libhal_bsp.a(alt_get_fd.o)
                0x0000000008004fb4                alt_get_fd
 .text          0x0000000008005088       0x9c ../flappy_bird_control_bsp/\libhal_bsp.a(alt_instruction_exception_entry.o)
                0x0000000008005088                alt_exception_cause_generated_bad_addr
 .text          0x0000000008005124       0x14 c:/altera/15.0/nios2eds/bin/gnu/h-x86_64-mingw32/bin/../lib/gcc/nios2-elf/4.9.1/../../../../../H-x86_64-mingw32/nios2-elf/lib/mno-hw-mul\libc.a(lib_a-atexit.o)
                0x0000000008005124                atexit
 .text          0x0000000008005138       0x38 c:/altera/15.0/nios2eds/bin/gnu/h-x86_64-mingw32/bin/../lib/gcc/nios2-elf/4.9.1/../../../../../H-x86_64-mingw32/nios2-elf/lib/mno-hw-mul\libc.a(lib_a-exit.o)
                0x0000000008005138                exit
 .text          0x0000000008005170        0x0 c:/altera/15.0/nios2eds/bin/gnu/h-x86_64-mingw32/bin/../lib/gcc/nios2-elf/4.9.1/../../../../../H-x86_64-mingw32/nios2-elf/lib/mno-hw-mul\libc.a(lib_a-int_errno.o)
 .text          0x0000000008005170       0x7c c:/altera/15.0/nios2eds/bin/gnu/h-x86_64-mingw32/bin/../lib/gcc/nios2-elf/4.9.1/../../../../../H-x86_64-mingw32/nios2-elf/lib/mno-hw-mul\libc.a(lib_a-memcmp.o)
                0x0000000008005170                memcmp
 .text          0x00000000080051ec      0x138 c:/altera/15.0/nios2eds/bin/gnu/h-x86_64-mingw32/bin/../lib/gcc/nios2-elf/4.9.1/../../../../../H-x86_64-mingw32/nios2-elf/lib/mno-hw-mul\libc.a(lib_a-memcpy.o)
                0x00000000080051ec                memcpy
 .text          0x0000000008005324       0x98 c:/altera/15.0/nios2eds/bin/gnu/h-x86_64-mingw32/bin/../lib/gcc/nios2-elf/4.9.1/../../../../../H-x86_64-mingw32/nios2-elf/lib/mno-hw-mul\libc.a(lib_a-strlen.o)
                0x0000000008005324                strlen
 .text          0x00000000080053bc      0x114 c:/altera/15.0/nios2eds/bin/gnu/h-x86_64-mingw32/bin/../lib/gcc/nios2-elf/4.9.1/../../../../../H-x86_64-mingw32/nios2-elf/lib/mno-hw-mul\libc.a(lib_a-__atexit.o)
                0x00000000080053bc                __register_exitproc
 .text          0x00000000080054d0      0x194 c:/altera/15.0/nios2eds/bin/gnu/h-x86_64-mingw32/bin/../lib/gcc/nios2-elf/4.9.1/../../../../../H-x86_64-mingw32/nios2-elf/lib/mno-hw-mul\libc.a(lib_a-__call_atexit.o)
                0x00000000080054d0                __call_exitprocs
 .text          0x0000000008005664       0x34 ../flappy_bird_control_bsp/\libhal_bsp.a(alt_exit.o)
                0x0000000008005664                _exit
 *(.gnu.warning.*)
 *(.fini)
                0x0000000008005698                PROVIDE (__etext, ABSOLUTE (.))
                0x0000000008005698                PROVIDE (_etext, ABSOLUTE (.))
                0x0000000008005698                PROVIDE (etext, ABSOLUTE (.))
 *(.eh_frame_hdr)
                0x0000000008005698                . = ALIGN (0x4)
                0x0000000008005698                PROVIDE (__preinit_array_start, ABSOLUTE (.))
 *(.preinit_array)
                0x0000000008005698                PROVIDE (__preinit_array_end, ABSOLUTE (.))
                0x0000000008005698                PROVIDE (__init_array_start, ABSOLUTE (.))
 *(.init_array)
                0x0000000008005698                PROVIDE (__init_array_end, ABSOLUTE (.))
                0x0000000008005698                PROVIDE (__fini_array_start, ABSOLUTE (.))
 *(.fini_array)
                0x0000000008005698                PROVIDE (__fini_array_end, ABSOLUTE (.))
 *(.eh_frame)
 *(.gcc_except_table .gcc_except_table.*)
 *(.dynamic)
                0x0000000008005698                PROVIDE (__CTOR_LIST__, ABSOLUTE (.))
 *(.ctors)
 *(SORT(.ctors.*))
                0x0000000008005698                PROVIDE (__CTOR_END__, ABSOLUTE (.))
                0x0000000008005698                PROVIDE (__DTOR_LIST__, ABSOLUTE (.))
 *(.dtors)
 *(SORT(.dtors.*))
                0x0000000008005698                PROVIDE (__DTOR_END__, ABSOLUTE (.))
 *(.jcr)
                0x0000000008005698                . = ALIGN (0x4)

.rodata         0x0000000008005698      0x138
                0x0000000008005698                PROVIDE (__ram_rodata_start, ABSOLUTE (.))
                0x0000000008005698                . = ALIGN (0x4)
 *(.rodata .rodata.* .gnu.linkonce.r.*)
 .rodata        0x0000000008005698      0x100 c:/altera/15.0/nios2eds/bin/gnu/h-x86_64-mingw32/bin/../lib/gcc/nios2-elf/4.9.1/mno-hw-mul\libgcc.a(_clz.o)
                0x0000000008005698                __clz_tab
 .rodata.str1.4
                0x0000000008005798        0x4 c:/altera/15.0/nios2eds/bin/gnu/h-x86_64-mingw32/bin/../lib/gcc/nios2-elf/4.9.1/../../../../../H-x86_64-mingw32/nios2-elf/lib/mno-hw-mul\libc.a(lib_a-impure.o)
 .rodata        0x000000000800579c       0x14 ../flappy_bird_control_bsp/\libhal_bsp.a(alt_main.o)
 .rodata        0x00000000080057b0       0x14 ../flappy_bird_control_bsp/\libhal_bsp.a(alt_sys_init.o)
 .rodata        0x00000000080057c4        0xc ../flappy_bird_control_bsp/\libhal_bsp.a(alt_dev.o)
 *(.rodata1)
                0x00000000080057d0                . = ALIGN (0x4)
                0x00000000080057d0                PROVIDE (__ram_rodata_end, ABSOLUTE (.))
                0x0000000008005698                PROVIDE (__flash_rodata_start, LOADADDR (.rodata))

.rwdata         0x00000000080057d0     0x16b8 load address 0x0000000008006e88
                0x00000000080057d0                PROVIDE (__ram_rwdata_start, ABSOLUTE (.))
                0x00000000080057d0                . = ALIGN (0x4)
 *(.got.plt)
 *(.got)
 *(.data1)
 *(.data .data.* .gnu.linkonce.d.*)
 .data          0x00000000080057d0        0x0 ../flappy_bird_control_bsp//obj/HAL/src/crt0.o
 .data          0x00000000080057d0        0x0 obj/default/main.o
 .data          0x00000000080057d0        0x0 c:/altera/15.0/nios2eds/bin/gnu/h-x86_64-mingw32/bin/../lib/gcc/nios2-elf/4.9.1/mno-hw-mul\libgcc.a(_fixunsdfsi.o)
 .data          0x00000000080057d0        0x0 c:/altera/15.0/nios2eds/bin/gnu/h-x86_64-mingw32/bin/../lib/gcc/nios2-elf/4.9.1/mno-hw-mul\libgcc.a(lib2-divmod.o)
 .data          0x00000000080057d0        0x0 c:/altera/15.0/nios2eds/bin/gnu/h-x86_64-mingw32/bin/../lib/gcc/nios2-elf/4.9.1/mno-hw-mul\libgcc.a(adddf3.o)
 .data          0x00000000080057d0        0x0 c:/altera/15.0/nios2eds/bin/gnu/h-x86_64-mingw32/bin/../lib/gcc/nios2-elf/4.9.1/mno-hw-mul\libgcc.a(gedf2.o)
 .data          0x00000000080057d0        0x0 c:/altera/15.0/nios2eds/bin/gnu/h-x86_64-mingw32/bin/../lib/gcc/nios2-elf/4.9.1/mno-hw-mul\libgcc.a(ledf2.o)
 .data          0x00000000080057d0        0x0 c:/altera/15.0/nios2eds/bin/gnu/h-x86_64-mingw32/bin/../lib/gcc/nios2-elf/4.9.1/mno-hw-mul\libgcc.a(muldf3.o)
 .data          0x00000000080057d0        0x0 c:/altera/15.0/nios2eds/bin/gnu/h-x86_64-mingw32/bin/../lib/gcc/nios2-elf/4.9.1/mno-hw-mul\libgcc.a(subdf3.o)
 .data          0x00000000080057d0        0x0 c:/altera/15.0/nios2eds/bin/gnu/h-x86_64-mingw32/bin/../lib/gcc/nios2-elf/4.9.1/mno-hw-mul\libgcc.a(fixdfsi.o)
 .data          0x00000000080057d0        0x0 c:/altera/15.0/nios2eds/bin/gnu/h-x86_64-mingw32/bin/../lib/gcc/nios2-elf/4.9.1/mno-hw-mul\libgcc.a(floatsidf.o)
 .data          0x00000000080057d0        0x0 c:/altera/15.0/nios2eds/bin/gnu/h-x86_64-mingw32/bin/../lib/gcc/nios2-elf/4.9.1/mno-hw-mul\libgcc.a(floatunsidf.o)
 .data          0x00000000080057d0        0x0 c:/altera/15.0/nios2eds/bin/gnu/h-x86_64-mingw32/bin/../lib/gcc/nios2-elf/4.9.1/mno-hw-mul\libgcc.a(_clzsi2.o)
 .data          0x00000000080057d0        0x0 c:/altera/15.0/nios2eds/bin/gnu/h-x86_64-mingw32/bin/../lib/gcc/nios2-elf/4.9.1/mno-hw-mul\libgcc.a(lib2-mul.o)
 .data          0x00000000080057d0        0x0 c:/altera/15.0/nios2eds/bin/gnu/h-x86_64-mingw32/bin/../lib/gcc/nios2-elf/4.9.1/mno-hw-mul\libgcc.a(_clz.o)
 .data          0x00000000080057d0        0x0 c:/altera/15.0/nios2eds/bin/gnu/h-x86_64-mingw32/bin/../lib/gcc/nios2-elf/4.9.1/../../../../../H-x86_64-mingw32/nios2-elf/lib/mno-hw-mul\libc.a(lib_a-rand.o)
 .data          0x00000000080057d0      0x424 c:/altera/15.0/nios2eds/bin/gnu/h-x86_64-mingw32/bin/../lib/gcc/nios2-elf/4.9.1/../../../../../H-x86_64-mingw32/nios2-elf/lib/mno-hw-mul\libc.a(lib_a-impure.o)
 .data          0x0000000008005bf4        0x0 c:/altera/15.0/nios2eds/bin/gnu/h-x86_64-mingw32/bin/../lib/gcc/nios2-elf/4.9.1/mno-hw-mul\libgcc.a(_muldi3.o)
 .data          0x0000000008005bf4        0x0 ../flappy_bird_control_bsp/\libhal_bsp.a(alt_load.o)
 .data          0x0000000008005bf4        0x0 ../flappy_bird_control_bsp/\libhal_bsp.a(alt_main.o)
 .data          0x0000000008005bf4     0x1060 ../flappy_bird_control_bsp/\libhal_bsp.a(alt_sys_init.o)
 .data          0x0000000008006c54        0x0 ../flappy_bird_control_bsp/\libhal_bsp.a(altera_avalon_jtag_uart_fd.o)
 .data          0x0000000008006c54        0x0 ../flappy_bird_control_bsp/\libhal_bsp.a(altera_avalon_jtag_uart_init.o)
 .data          0x0000000008006c54        0x0 ../flappy_bird_control_bsp/\libhal_bsp.a(altera_avalon_jtag_uart_ioctl.o)
 .data          0x0000000008006c54        0x0 ../flappy_bird_control_bsp/\libhal_bsp.a(altera_avalon_jtag_uart_read.o)
 .data          0x0000000008006c54        0x0 ../flappy_bird_control_bsp/\libhal_bsp.a(altera_avalon_jtag_uart_write.o)
 .data          0x0000000008006c54        0x0 ../flappy_bird_control_bsp/\libhal_bsp.a(alt_alarm_start.o)
 .data          0x0000000008006c54        0x0 ../flappy_bird_control_bsp/\libhal_bsp.a(alt_close.o)
 .data          0x0000000008006c54        0x0 ../flappy_bird_control_bsp/\libhal_bsp.a(alt_dcache_flush_all.o)
 .data          0x0000000008006c54      0x1a8 ../flappy_bird_control_bsp/\libhal_bsp.a(alt_dev.o)
                0x0000000008006c54                alt_dev_null
                0x0000000008006c7c                alt_fd_list
 .data          0x0000000008006dfc        0x0 ../flappy_bird_control_bsp/\libhal_bsp.a(alt_dev_llist_insert.o)
 .data          0x0000000008006dfc        0x0 ../flappy_bird_control_bsp/\libhal_bsp.a(alt_do_ctors.o)
 .data          0x0000000008006dfc        0x0 ../flappy_bird_control_bsp/\libhal_bsp.a(alt_do_dtors.o)
 .data          0x0000000008006dfc        0x0 ../flappy_bird_control_bsp/\libhal_bsp.a(alt_errno.o)
 .data          0x0000000008006dfc        0x0 ../flappy_bird_control_bsp/\libhal_bsp.a(alt_icache_flush_all.o)
 .data          0x0000000008006dfc        0x0 ../flappy_bird_control_bsp/\libhal_bsp.a(alt_iic.o)
 .data          0x0000000008006dfc        0x0 ../flappy_bird_control_bsp/\libhal_bsp.a(alt_iic_isr_register.o)
 .data          0x0000000008006dfc        0x0 ../flappy_bird_control_bsp/\libhal_bsp.a(alt_io_redirect.o)
 .data          0x0000000008006dfc        0x0 ../flappy_bird_control_bsp/\libhal_bsp.a(alt_irq_entry.o)
 .data          0x0000000008006dfc        0x0 ../flappy_bird_control_bsp/\libhal_bsp.a(alt_irq_handler.o)
 .data          0x0000000008006dfc        0x0 ../flappy_bird_control_bsp/\libhal_bsp.a(alt_irq_vars.o)
 .data          0x0000000008006dfc        0x0 ../flappy_bird_control_bsp/\libhal_bsp.a(alt_open.o)
 .data          0x0000000008006dfc        0x0 ../flappy_bird_control_bsp/\libhal_bsp.a(alt_release_fd.o)
 .data          0x0000000008006dfc        0x0 ../flappy_bird_control_bsp/\libhal_bsp.a(alt_tick.o)
 .data          0x0000000008006dfc        0x0 ../flappy_bird_control_bsp/\libhal_bsp.a(altera_nios2_gen2_irq.o)
 .data          0x0000000008006dfc        0x0 ../flappy_bird_control_bsp/\libhal_bsp.a(alt_exception_entry.o)
 .data          0x0000000008006dfc        0x0 ../flappy_bird_control_bsp/\libhal_bsp.a(alt_find_dev.o)
 .data          0x0000000008006dfc        0x0 ../flappy_bird_control_bsp/\libhal_bsp.a(alt_find_file.o)
 .data          0x0000000008006dfc        0x0 ../flappy_bird_control_bsp/\libhal_bsp.a(alt_get_fd.o)
 .data          0x0000000008006dfc        0x0 ../flappy_bird_control_bsp/\libhal_bsp.a(alt_instruction_exception_entry.o)
 .data          0x0000000008006dfc        0x0 c:/altera/15.0/nios2eds/bin/gnu/h-x86_64-mingw32/bin/../lib/gcc/nios2-elf/4.9.1/../../../../../H-x86_64-mingw32/nios2-elf/lib/mno-hw-mul\libc.a(lib_a-atexit.o)
 .data          0x0000000008006dfc        0x0 c:/altera/15.0/nios2eds/bin/gnu/h-x86_64-mingw32/bin/../lib/gcc/nios2-elf/4.9.1/../../../../../H-x86_64-mingw32/nios2-elf/lib/mno-hw-mul\libc.a(lib_a-exit.o)
 .data          0x0000000008006dfc        0x0 c:/altera/15.0/nios2eds/bin/gnu/h-x86_64-mingw32/bin/../lib/gcc/nios2-elf/4.9.1/../../../../../H-x86_64-mingw32/nios2-elf/lib/mno-hw-mul\libc.a(lib_a-int_errno.o)
 .data          0x0000000008006dfc        0x0 c:/altera/15.0/nios2eds/bin/gnu/h-x86_64-mingw32/bin/../lib/gcc/nios2-elf/4.9.1/../../../../../H-x86_64-mingw32/nios2-elf/lib/mno-hw-mul\libc.a(lib_a-memcmp.o)
 .data          0x0000000008006dfc        0x0 c:/altera/15.0/nios2eds/bin/gnu/h-x86_64-mingw32/bin/../lib/gcc/nios2-elf/4.9.1/../../../../../H-x86_64-mingw32/nios2-elf/lib/mno-hw-mul\libc.a(lib_a-memcpy.o)
 .data          0x0000000008006dfc        0x0 c:/altera/15.0/nios2eds/bin/gnu/h-x86_64-mingw32/bin/../lib/gcc/nios2-elf/4.9.1/../../../../../H-x86_64-mingw32/nios2-elf/lib/mno-hw-mul\libc.a(lib_a-strlen.o)
 .data          0x0000000008006dfc        0x0 c:/altera/15.0/nios2eds/bin/gnu/h-x86_64-mingw32/bin/../lib/gcc/nios2-elf/4.9.1/../../../../../H-x86_64-mingw32/nios2-elf/lib/mno-hw-mul\libc.a(lib_a-__atexit.o)
 .data          0x0000000008006dfc        0x0 c:/altera/15.0/nios2eds/bin/gnu/h-x86_64-mingw32/bin/../lib/gcc/nios2-elf/4.9.1/../../../../../H-x86_64-mingw32/nios2-elf/lib/mno-hw-mul\libc.a(lib_a-__call_atexit.o)
 .data          0x0000000008006dfc        0x0 ../flappy_bird_control_bsp/\libhal_bsp.a(alt_exit.o)
                0x000000000800edfc                _gp = ABSOLUTE ((. + 0x8000))
                0x000000000800edfc                PROVIDE (gp, _gp)
 *(.rwdata .rwdata.*)
 *(.sdata .sdata.* .gnu.linkonce.s.*)
 .sdata         0x0000000008006dfc       0x60 obj/default/main.o
                0x0000000008006dfc                birdy
                0x0000000008006e00                birdx
                0x0000000008006e04                pipe_x
                0x0000000008006e08                pipe3
                0x0000000008006e0c                pipe2
                0x0000000008006e10                pipe1
                0x0000000008006e14                pipe4
                0x0000000008006e18                pipe5
                0x0000000008006e1c                status
                0x0000000008006e20                keycode
                0x0000000008006e24                press
                0x0000000008006e28                TextX
                0x0000000008006e2c                TextY
                0x0000000008006e30                ScoreY
                0x0000000008006e34                ScoreX
                0x0000000008006e38                third
                0x0000000008006e3c                second
                0x0000000008006e40                first
                0x0000000008006e44                ScoreY2
                0x0000000008006e48                ScoreX2
                0x0000000008006e4c                birdy2
                0x0000000008006e50                first2
                0x0000000008006e54                second2
                0x0000000008006e58                third2
 .sdata         0x0000000008006e5c        0x8 c:/altera/15.0/nios2eds/bin/gnu/h-x86_64-mingw32/bin/../lib/gcc/nios2-elf/4.9.1/../../../../../H-x86_64-mingw32/nios2-elf/lib/mno-hw-mul\libc.a(lib_a-impure.o)
                0x0000000008006e5c                _global_impure_ptr
                0x0000000008006e60                _impure_ptr
 .sdata         0x0000000008006e64       0x14 ../flappy_bird_control_bsp/\libhal_bsp.a(alt_dev.o)
                0x0000000008006e64                alt_fs_list
                0x0000000008006e6c                alt_dev_list
                0x0000000008006e74                alt_max_fd
 .sdata         0x0000000008006e78        0x4 ../flappy_bird_control_bsp/\libhal_bsp.a(alt_errno.o)
                0x0000000008006e78                alt_errno
 .sdata         0x0000000008006e7c        0x4 ../flappy_bird_control_bsp/\libhal_bsp.a(alt_irq_vars.o)
                0x0000000008006e7c                alt_priority_mask
 .sdata         0x0000000008006e80        0x8 ../flappy_bird_control_bsp/\libhal_bsp.a(alt_tick.o)
                0x0000000008006e80                alt_alarm_list
 *(.sdata2 .sdata2.* .gnu.linkonce.s2.*)
                0x0000000008006e88                . = ALIGN (0x4)
                0x0000000008006e88                _edata = ABSOLUTE (.)
                0x0000000008006e88                PROVIDE (edata, ABSOLUTE (.))
                0x0000000008006e88                PROVIDE (__ram_rwdata_end, ABSOLUTE (.))
                0x0000000008006e88                PROVIDE (__flash_rwdata_start, LOADADDR (.rwdata))

.bss            0x0000000008008540      0x188
                0x0000000008008540                __bss_start = ABSOLUTE (.)
                0x0000000008008540                PROVIDE (__sbss_start, ABSOLUTE (.))
                0x0000000008008540                PROVIDE (___sbss_start, ABSOLUTE (.))
 *(.dynsbss)
 *(.sbss .sbss.* .gnu.linkonce.sb.*)
 .sbss          0x0000000008008540       0x68 obj/default/main.o
 .sbss          0x00000000080085a8        0xc ../flappy_bird_control_bsp/\libhal_bsp.a(alt_main.o)
                0x00000000080085a8                alt_argc
                0x00000000080085ac                alt_argv
                0x00000000080085b0                alt_envp
 .sbss          0x00000000080085b4        0x4 ../flappy_bird_control_bsp/\libhal_bsp.a(alt_irq_vars.o)
                0x00000000080085b4                alt_irq_active
 .sbss          0x00000000080085b8        0x8 ../flappy_bird_control_bsp/\libhal_bsp.a(alt_tick.o)
                0x00000000080085b8                _alt_tick_rate
                0x00000000080085bc                _alt_nticks
 .sbss          0x00000000080085c0        0x4 ../flappy_bird_control_bsp/\libhal_bsp.a(alt_instruction_exception_entry.o)
                0x00000000080085c0                alt_instruction_exception_handler
 .sbss          0x00000000080085c4        0x4 c:/altera/15.0/nios2eds/bin/gnu/h-x86_64-mingw32/bin/../lib/gcc/nios2-elf/4.9.1/../../../../../H-x86_64-mingw32/nios2-elf/lib/mno-hw-mul\libc.a(lib_a-int_errno.o)
                0x00000000080085c4                errno
 *(.sbss2 .sbss2.* .gnu.linkonce.sb2.*)
 *(.scommon)
                0x00000000080085c8                PROVIDE (__sbss_end, ABSOLUTE (.))
                0x00000000080085c8                PROVIDE (___sbss_end, ABSOLUTE (.))
 *(.dynbss)
 *(.bss .bss.* .gnu.linkonce.b.*)
 .bss           0x00000000080085c8        0x0 ../flappy_bird_control_bsp//obj/HAL/src/crt0.o
 .bss           0x00000000080085c8        0x0 obj/default/main.o
 .bss           0x00000000080085c8        0x0 c:/altera/15.0/nios2eds/bin/gnu/h-x86_64-mingw32/bin/../lib/gcc/nios2-elf/4.9.1/mno-hw-mul\libgcc.a(_fixunsdfsi.o)
 .bss           0x00000000080085c8        0x0 c:/altera/15.0/nios2eds/bin/gnu/h-x86_64-mingw32/bin/../lib/gcc/nios2-elf/4.9.1/mno-hw-mul\libgcc.a(lib2-divmod.o)
 .bss           0x00000000080085c8        0x0 c:/altera/15.0/nios2eds/bin/gnu/h-x86_64-mingw32/bin/../lib/gcc/nios2-elf/4.9.1/mno-hw-mul\libgcc.a(adddf3.o)
 .bss           0x00000000080085c8        0x0 c:/altera/15.0/nios2eds/bin/gnu/h-x86_64-mingw32/bin/../lib/gcc/nios2-elf/4.9.1/mno-hw-mul\libgcc.a(gedf2.o)
 .bss           0x00000000080085c8        0x0 c:/altera/15.0/nios2eds/bin/gnu/h-x86_64-mingw32/bin/../lib/gcc/nios2-elf/4.9.1/mno-hw-mul\libgcc.a(ledf2.o)
 .bss           0x00000000080085c8        0x0 c:/altera/15.0/nios2eds/bin/gnu/h-x86_64-mingw32/bin/../lib/gcc/nios2-elf/4.9.1/mno-hw-mul\libgcc.a(muldf3.o)
 .bss           0x00000000080085c8        0x0 c:/altera/15.0/nios2eds/bin/gnu/h-x86_64-mingw32/bin/../lib/gcc/nios2-elf/4.9.1/mno-hw-mul\libgcc.a(subdf3.o)
 .bss           0x00000000080085c8        0x0 c:/altera/15.0/nios2eds/bin/gnu/h-x86_64-mingw32/bin/../lib/gcc/nios2-elf/4.9.1/mno-hw-mul\libgcc.a(fixdfsi.o)
 .bss           0x00000000080085c8        0x0 c:/altera/15.0/nios2eds/bin/gnu/h-x86_64-mingw32/bin/../lib/gcc/nios2-elf/4.9.1/mno-hw-mul\libgcc.a(floatsidf.o)
 .bss           0x00000000080085c8        0x0 c:/altera/15.0/nios2eds/bin/gnu/h-x86_64-mingw32/bin/../lib/gcc/nios2-elf/4.9.1/mno-hw-mul\libgcc.a(floatunsidf.o)
 .bss           0x00000000080085c8        0x0 c:/altera/15.0/nios2eds/bin/gnu/h-x86_64-mingw32/bin/../lib/gcc/nios2-elf/4.9.1/mno-hw-mul\libgcc.a(_clzsi2.o)
 .bss           0x00000000080085c8        0x0 c:/altera/15.0/nios2eds/bin/gnu/h-x86_64-mingw32/bin/../lib/gcc/nios2-elf/4.9.1/mno-hw-mul\libgcc.a(lib2-mul.o)
 .bss           0x00000000080085c8        0x0 c:/altera/15.0/nios2eds/bin/gnu/h-x86_64-mingw32/bin/../lib/gcc/nios2-elf/4.9.1/mno-hw-mul\libgcc.a(_clz.o)
 .bss           0x00000000080085c8        0x0 c:/altera/15.0/nios2eds/bin/gnu/h-x86_64-mingw32/bin/../lib/gcc/nios2-elf/4.9.1/../../../../../H-x86_64-mingw32/nios2-elf/lib/mno-hw-mul\libc.a(lib_a-rand.o)
 .bss           0x00000000080085c8        0x0 c:/altera/15.0/nios2eds/bin/gnu/h-x86_64-mingw32/bin/../lib/gcc/nios2-elf/4.9.1/../../../../../H-x86_64-mingw32/nios2-elf/lib/mno-hw-mul\libc.a(lib_a-impure.o)
 .bss           0x00000000080085c8        0x0 c:/altera/15.0/nios2eds/bin/gnu/h-x86_64-mingw32/bin/../lib/gcc/nios2-elf/4.9.1/mno-hw-mul\libgcc.a(_muldi3.o)
 .bss           0x00000000080085c8        0x0 ../flappy_bird_control_bsp/\libhal_bsp.a(alt_load.o)
 .bss           0x00000000080085c8        0x0 ../flappy_bird_control_bsp/\libhal_bsp.a(alt_main.o)
 .bss           0x00000000080085c8        0x0 ../flappy_bird_control_bsp/\libhal_bsp.a(alt_sys_init.o)
 .bss           0x00000000080085c8        0x0 ../flappy_bird_control_bsp/\libhal_bsp.a(altera_avalon_jtag_uart_fd.o)
 .bss           0x00000000080085c8        0x0 ../flappy_bird_control_bsp/\libhal_bsp.a(altera_avalon_jtag_uart_init.o)
 .bss           0x00000000080085c8        0x0 ../flappy_bird_control_bsp/\libhal_bsp.a(altera_avalon_jtag_uart_ioctl.o)
 .bss           0x00000000080085c8        0x0 ../flappy_bird_control_bsp/\libhal_bsp.a(altera_avalon_jtag_uart_read.o)
 .bss           0x00000000080085c8        0x0 ../flappy_bird_control_bsp/\libhal_bsp.a(altera_avalon_jtag_uart_write.o)
 .bss           0x00000000080085c8        0x0 ../flappy_bird_control_bsp/\libhal_bsp.a(alt_alarm_start.o)
 .bss           0x00000000080085c8        0x0 ../flappy_bird_control_bsp/\libhal_bsp.a(alt_close.o)
 .bss           0x00000000080085c8        0x0 ../flappy_bird_control_bsp/\libhal_bsp.a(alt_dcache_flush_all.o)
 .bss           0x00000000080085c8        0x0 ../flappy_bird_control_bsp/\libhal_bsp.a(alt_dev.o)
 .bss           0x00000000080085c8        0x0 ../flappy_bird_control_bsp/\libhal_bsp.a(alt_dev_llist_insert.o)
 .bss           0x00000000080085c8        0x0 ../flappy_bird_control_bsp/\libhal_bsp.a(alt_do_ctors.o)
 .bss           0x00000000080085c8        0x0 ../flappy_bird_control_bsp/\libhal_bsp.a(alt_do_dtors.o)
 .bss           0x00000000080085c8        0x0 ../flappy_bird_control_bsp/\libhal_bsp.a(alt_errno.o)
 .bss           0x00000000080085c8        0x0 ../flappy_bird_control_bsp/\libhal_bsp.a(alt_icache_flush_all.o)
 .bss           0x00000000080085c8        0x0 ../flappy_bird_control_bsp/\libhal_bsp.a(alt_iic.o)
 .bss           0x00000000080085c8        0x0 ../flappy_bird_control_bsp/\libhal_bsp.a(alt_iic_isr_register.o)
 .bss           0x00000000080085c8        0x0 ../flappy_bird_control_bsp/\libhal_bsp.a(alt_io_redirect.o)
 .bss           0x00000000080085c8        0x0 ../flappy_bird_control_bsp/\libhal_bsp.a(alt_irq_entry.o)
 .bss           0x00000000080085c8        0x0 ../flappy_bird_control_bsp/\libhal_bsp.a(alt_irq_handler.o)
 .bss           0x00000000080085c8        0x0 ../flappy_bird_control_bsp/\libhal_bsp.a(alt_irq_vars.o)
 .bss           0x00000000080085c8        0x0 ../flappy_bird_control_bsp/\libhal_bsp.a(alt_open.o)
 .bss           0x00000000080085c8        0x0 ../flappy_bird_control_bsp/\libhal_bsp.a(alt_release_fd.o)
 .bss           0x00000000080085c8        0x0 ../flappy_bird_control_bsp/\libhal_bsp.a(alt_tick.o)
 .bss           0x00000000080085c8        0x0 ../flappy_bird_control_bsp/\libhal_bsp.a(altera_nios2_gen2_irq.o)
 .bss           0x00000000080085c8        0x0 ../flappy_bird_control_bsp/\libhal_bsp.a(alt_exception_entry.o)
 .bss           0x00000000080085c8        0x0 ../flappy_bird_control_bsp/\libhal_bsp.a(alt_find_dev.o)
 .bss           0x00000000080085c8        0x0 ../flappy_bird_control_bsp/\libhal_bsp.a(alt_find_file.o)
 .bss           0x00000000080085c8        0x0 ../flappy_bird_control_bsp/\libhal_bsp.a(alt_get_fd.o)
 .bss           0x00000000080085c8        0x0 ../flappy_bird_control_bsp/\libhal_bsp.a(alt_instruction_exception_entry.o)
 .bss           0x00000000080085c8        0x0 c:/altera/15.0/nios2eds/bin/gnu/h-x86_64-mingw32/bin/../lib/gcc/nios2-elf/4.9.1/../../../../../H-x86_64-mingw32/nios2-elf/lib/mno-hw-mul\libc.a(lib_a-atexit.o)
 .bss           0x00000000080085c8        0x0 c:/altera/15.0/nios2eds/bin/gnu/h-x86_64-mingw32/bin/../lib/gcc/nios2-elf/4.9.1/../../../../../H-x86_64-mingw32/nios2-elf/lib/mno-hw-mul\libc.a(lib_a-exit.o)
 .bss           0x00000000080085c8        0x0 c:/altera/15.0/nios2eds/bin/gnu/h-x86_64-mingw32/bin/../lib/gcc/nios2-elf/4.9.1/../../../../../H-x86_64-mingw32/nios2-elf/lib/mno-hw-mul\libc.a(lib_a-int_errno.o)
 .bss           0x00000000080085c8        0x0 c:/altera/15.0/nios2eds/bin/gnu/h-x86_64-mingw32/bin/../lib/gcc/nios2-elf/4.9.1/../../../../../H-x86_64-mingw32/nios2-elf/lib/mno-hw-mul\libc.a(lib_a-memcmp.o)
 .bss           0x00000000080085c8        0x0 c:/altera/15.0/nios2eds/bin/gnu/h-x86_64-mingw32/bin/../lib/gcc/nios2-elf/4.9.1/../../../../../H-x86_64-mingw32/nios2-elf/lib/mno-hw-mul\libc.a(lib_a-memcpy.o)
 .bss           0x00000000080085c8        0x0 c:/altera/15.0/nios2eds/bin/gnu/h-x86_64-mingw32/bin/../lib/gcc/nios2-elf/4.9.1/../../../../../H-x86_64-mingw32/nios2-elf/lib/mno-hw-mul\libc.a(lib_a-strlen.o)
 .bss           0x00000000080085c8        0x0 c:/altera/15.0/nios2eds/bin/gnu/h-x86_64-mingw32/bin/../lib/gcc/nios2-elf/4.9.1/../../../../../H-x86_64-mingw32/nios2-elf/lib/mno-hw-mul\libc.a(lib_a-__atexit.o)
 .bss           0x00000000080085c8        0x0 c:/altera/15.0/nios2eds/bin/gnu/h-x86_64-mingw32/bin/../lib/gcc/nios2-elf/4.9.1/../../../../../H-x86_64-mingw32/nios2-elf/lib/mno-hw-mul\libc.a(lib_a-__call_atexit.o)
 .bss           0x00000000080085c8        0x0 ../flappy_bird_control_bsp/\libhal_bsp.a(alt_exit.o)
 *(COMMON)
 COMMON         0x00000000080085c8      0x100 ../flappy_bird_control_bsp/\libhal_bsp.a(alt_irq_handler.o)
                0x00000000080085c8                alt_irq
                0x00000000080086c8                . = ALIGN (0x4)
                0x00000000080086c8                __bss_end = ABSOLUTE (.)

.onchip_memory2_0
                0x0000000000000000        0x0 load address 0x00000000080086c8
                0x0000000000000000                PROVIDE (_alt_partition_onchip_memory2_0_start, ABSOLUTE (.))
 *(.onchip_memory2_0 .onchip_memory2_0. onchip_memory2_0.*)
                0x0000000000000000                . = ALIGN (0x4)
                0x0000000000000000                PROVIDE (_alt_partition_onchip_memory2_0_end, ABSOLUTE (.))
                0x00000000080086c8                PROVIDE (_alt_partition_onchip_memory2_0_load_addr, LOADADDR (.onchip_memory2_0))

.sdram          0x00000000080086c8        0x0
                0x00000000080086c8                PROVIDE (_alt_partition_sdram_start, ABSOLUTE (.))
 *(.sdram .sdram. sdram.*)
                0x00000000080086c8                . = ALIGN (0x4)
                0x00000000080086c8                PROVIDE (_alt_partition_sdram_end, ABSOLUTE (.))
                0x00000000080086c8                _end = ABSOLUTE (.)
                0x00000000080086c8                end = ABSOLUTE (.)
                0x00000000080086c8                __alt_stack_base = ABSOLUTE (.)
                0x00000000080086c8                PROVIDE (_alt_partition_sdram_load_addr, LOADADDR (.sdram))

.stab
 *(.stab)

.stabstr
 *(.stabstr)

.stab.excl
 *(.stab.excl)

.stab.exclstr
 *(.stab.exclstr)

.stab.index
 *(.stab.index)

.stab.indexstr
 *(.stab.indexstr)

.comment        0x0000000000000000       0x23
 *(.comment)
 .comment       0x0000000000000000       0x23 obj/default/main.o
                                         0x24 (size before relaxing)
 .comment       0x0000000000000000       0x24 c:/altera/15.0/nios2eds/bin/gnu/h-x86_64-mingw32/bin/../lib/gcc/nios2-elf/4.9.1/mno-hw-mul\libgcc.a(_fixunsdfsi.o)
 .comment       0x0000000000000000       0x24 c:/altera/15.0/nios2eds/bin/gnu/h-x86_64-mingw32/bin/../lib/gcc/nios2-elf/4.9.1/mno-hw-mul\libgcc.a(lib2-divmod.o)
 .comment       0x0000000000000000       0x24 c:/altera/15.0/nios2eds/bin/gnu/h-x86_64-mingw32/bin/../lib/gcc/nios2-elf/4.9.1/mno-hw-mul\libgcc.a(adddf3.o)
 .comment       0x0000000000000000       0x24 c:/altera/15.0/nios2eds/bin/gnu/h-x86_64-mingw32/bin/../lib/gcc/nios2-elf/4.9.1/mno-hw-mul\libgcc.a(gedf2.o)
 .comment       0x0000000000000000       0x24 c:/altera/15.0/nios2eds/bin/gnu/h-x86_64-mingw32/bin/../lib/gcc/nios2-elf/4.9.1/mno-hw-mul\libgcc.a(ledf2.o)
 .comment       0x0000000000000000       0x24 c:/altera/15.0/nios2eds/bin/gnu/h-x86_64-mingw32/bin/../lib/gcc/nios2-elf/4.9.1/mno-hw-mul\libgcc.a(muldf3.o)
 .comment       0x0000000000000000       0x24 c:/altera/15.0/nios2eds/bin/gnu/h-x86_64-mingw32/bin/../lib/gcc/nios2-elf/4.9.1/mno-hw-mul\libgcc.a(subdf3.o)
 .comment       0x0000000000000000       0x24 c:/altera/15.0/nios2eds/bin/gnu/h-x86_64-mingw32/bin/../lib/gcc/nios2-elf/4.9.1/mno-hw-mul\libgcc.a(fixdfsi.o)
 .comment       0x0000000000000000       0x24 c:/altera/15.0/nios2eds/bin/gnu/h-x86_64-mingw32/bin/../lib/gcc/nios2-elf/4.9.1/mno-hw-mul\libgcc.a(floatsidf.o)
 .comment       0x0000000000000000       0x24 c:/altera/15.0/nios2eds/bin/gnu/h-x86_64-mingw32/bin/../lib/gcc/nios2-elf/4.9.1/mno-hw-mul\libgcc.a(floatunsidf.o)
 .comment       0x0000000000000000       0x24 c:/altera/15.0/nios2eds/bin/gnu/h-x86_64-mingw32/bin/../lib/gcc/nios2-elf/4.9.1/mno-hw-mul\libgcc.a(_clzsi2.o)
 .comment       0x0000000000000000       0x24 c:/altera/15.0/nios2eds/bin/gnu/h-x86_64-mingw32/bin/../lib/gcc/nios2-elf/4.9.1/mno-hw-mul\libgcc.a(lib2-mul.o)
 .comment       0x0000000000000000       0x24 c:/altera/15.0/nios2eds/bin/gnu/h-x86_64-mingw32/bin/../lib/gcc/nios2-elf/4.9.1/mno-hw-mul\libgcc.a(_clz.o)
 .comment       0x0000000000000000       0x24 c:/altera/15.0/nios2eds/bin/gnu/h-x86_64-mingw32/bin/../lib/gcc/nios2-elf/4.9.1/../../../../../H-x86_64-mingw32/nios2-elf/lib/mno-hw-mul\libc.a(lib_a-rand.o)
 .comment       0x0000000000000000       0x24 c:/altera/15.0/nios2eds/bin/gnu/h-x86_64-mingw32/bin/../lib/gcc/nios2-elf/4.9.1/../../../../../H-x86_64-mingw32/nios2-elf/lib/mno-hw-mul\libc.a(lib_a-impure.o)
 .comment       0x0000000000000000       0x24 c:/altera/15.0/nios2eds/bin/gnu/h-x86_64-mingw32/bin/../lib/gcc/nios2-elf/4.9.1/mno-hw-mul\libgcc.a(_muldi3.o)
 .comment       0x0000000000000000       0x24 ../flappy_bird_control_bsp/\libhal_bsp.a(alt_load.o)
 .comment       0x0000000000000000       0x24 ../flappy_bird_control_bsp/\libhal_bsp.a(alt_main.o)
 .comment       0x0000000000000000       0x24 ../flappy_bird_control_bsp/\libhal_bsp.a(alt_sys_init.o)
 .comment       0x0000000000000000       0x24 ../flappy_bird_control_bsp/\libhal_bsp.a(altera_avalon_jtag_uart_fd.o)
 .comment       0x0000000000000000       0x24 ../flappy_bird_control_bsp/\libhal_bsp.a(altera_avalon_jtag_uart_init.o)
 .comment       0x0000000000000000       0x24 ../flappy_bird_control_bsp/\libhal_bsp.a(altera_avalon_jtag_uart_ioctl.o)
 .comment       0x0000000000000000       0x24 ../flappy_bird_control_bsp/\libhal_bsp.a(altera_avalon_jtag_uart_read.o)
 .comment       0x0000000000000000       0x24 ../flappy_bird_control_bsp/\libhal_bsp.a(altera_avalon_jtag_uart_write.o)
 .comment       0x0000000000000000       0x24 ../flappy_bird_control_bsp/\libhal_bsp.a(alt_alarm_start.o)
 .comment       0x0000000000000000       0x24 ../flappy_bird_control_bsp/\libhal_bsp.a(alt_close.o)
 .comment       0x0000000000000000       0x24 ../flappy_bird_control_bsp/\libhal_bsp.a(alt_dcache_flush_all.o)
 .comment       0x0000000000000000       0x24 ../flappy_bird_control_bsp/\libhal_bsp.a(alt_dev.o)
 .comment       0x0000000000000000       0x24 ../flappy_bird_control_bsp/\libhal_bsp.a(alt_dev_llist_insert.o)
 .comment       0x0000000000000000       0x24 ../flappy_bird_control_bsp/\libhal_bsp.a(alt_do_ctors.o)
 .comment       0x0000000000000000       0x24 ../flappy_bird_control_bsp/\libhal_bsp.a(alt_do_dtors.o)
 .comment       0x0000000000000000       0x24 ../flappy_bird_control_bsp/\libhal_bsp.a(alt_errno.o)
 .comment       0x0000000000000000       0x24 ../flappy_bird_control_bsp/\libhal_bsp.a(alt_icache_flush_all.o)
 .comment       0x0000000000000000       0x24 ../flappy_bird_control_bsp/\libhal_bsp.a(alt_iic.o)
 .comment       0x0000000000000000       0x24 ../flappy_bird_control_bsp/\libhal_bsp.a(alt_iic_isr_register.o)
 .comment       0x0000000000000000       0x24 ../flappy_bird_control_bsp/\libhal_bsp.a(alt_io_redirect.o)
 .comment       0x0000000000000000       0x24 ../flappy_bird_control_bsp/\libhal_bsp.a(alt_irq_handler.o)
 .comment       0x0000000000000000       0x24 ../flappy_bird_control_bsp/\libhal_bsp.a(alt_irq_vars.o)
 .comment       0x0000000000000000       0x24 ../flappy_bird_control_bsp/\libhal_bsp.a(alt_open.o)
 .comment       0x0000000000000000       0x24 ../flappy_bird_control_bsp/\libhal_bsp.a(alt_release_fd.o)
 .comment       0x0000000000000000       0x24 ../flappy_bird_control_bsp/\libhal_bsp.a(alt_tick.o)
 .comment       0x0000000000000000       0x24 ../flappy_bird_control_bsp/\libhal_bsp.a(altera_nios2_gen2_irq.o)
 .comment       0x0000000000000000       0x24 ../flappy_bird_control_bsp/\libhal_bsp.a(alt_find_dev.o)
 .comment       0x0000000000000000       0x24 ../flappy_bird_control_bsp/\libhal_bsp.a(alt_find_file.o)
 .comment       0x0000000000000000       0x24 ../flappy_bird_control_bsp/\libhal_bsp.a(alt_get_fd.o)
 .comment       0x0000000000000000       0x24 ../flappy_bird_control_bsp/\libhal_bsp.a(alt_instruction_exception_entry.o)
 .comment       0x0000000000000000       0x24 c:/altera/15.0/nios2eds/bin/gnu/h-x86_64-mingw32/bin/../lib/gcc/nios2-elf/4.9.1/../../../../../H-x86_64-mingw32/nios2-elf/lib/mno-hw-mul\libc.a(lib_a-atexit.o)
 .comment       0x0000000000000000       0x24 c:/altera/15.0/nios2eds/bin/gnu/h-x86_64-mingw32/bin/../lib/gcc/nios2-elf/4.9.1/../../../../../H-x86_64-mingw32/nios2-elf/lib/mno-hw-mul\libc.a(lib_a-exit.o)
 .comment       0x0000000000000000       0x24 c:/altera/15.0/nios2eds/bin/gnu/h-x86_64-mingw32/bin/../lib/gcc/nios2-elf/4.9.1/../../../../../H-x86_64-mingw32/nios2-elf/lib/mno-hw-mul\libc.a(lib_a-int_errno.o)
 .comment       0x0000000000000000       0x24 c:/altera/15.0/nios2eds/bin/gnu/h-x86_64-mingw32/bin/../lib/gcc/nios2-elf/4.9.1/../../../../../H-x86_64-mingw32/nios2-elf/lib/mno-hw-mul\libc.a(lib_a-memcmp.o)
 .comment       0x0000000000000000       0x24 c:/altera/15.0/nios2eds/bin/gnu/h-x86_64-mingw32/bin/../lib/gcc/nios2-elf/4.9.1/../../../../../H-x86_64-mingw32/nios2-elf/lib/mno-hw-mul\libc.a(lib_a-memcpy.o)
 .comment       0x0000000000000000       0x24 c:/altera/15.0/nios2eds/bin/gnu/h-x86_64-mingw32/bin/../lib/gcc/nios2-elf/4.9.1/../../../../../H-x86_64-mingw32/nios2-elf/lib/mno-hw-mul\libc.a(lib_a-strlen.o)
 .comment       0x0000000000000000       0x24 c:/altera/15.0/nios2eds/bin/gnu/h-x86_64-mingw32/bin/../lib/gcc/nios2-elf/4.9.1/../../../../../H-x86_64-mingw32/nios2-elf/lib/mno-hw-mul\libc.a(lib_a-__atexit.o)
 .comment       0x0000000000000000       0x24 c:/altera/15.0/nios2eds/bin/gnu/h-x86_64-mingw32/bin/../lib/gcc/nios2-elf/4.9.1/../../../../../H-x86_64-mingw32/nios2-elf/lib/mno-hw-mul\libc.a(lib_a-__call_atexit.o)
 .comment       0x0000000000000000       0x24 ../flappy_bird_control_bsp/\libhal_bsp.a(alt_exit.o)

.debug
 *(.debug)

.line
 *(.line)

.debug_srcinfo
 *(.debug_srcinfo)

.debug_sfnames
 *(.debug_sfnames)

.debug_aranges  0x0000000000000000      0x770
 *(.debug_aranges)
 .debug_aranges
                0x0000000000000000       0x28 ../flappy_bird_control_bsp//obj/HAL/src/crt0.o
 .debug_aranges
                0x0000000000000028       0x20 obj/default/main.o
 .debug_aranges
                0x0000000000000048       0x20 c:/altera/15.0/nios2eds/bin/gnu/h-x86_64-mingw32/bin/../lib/gcc/nios2-elf/4.9.1/mno-hw-mul\libgcc.a(_fixunsdfsi.o)
 .debug_aranges
                0x0000000000000068       0x20 c:/altera/15.0/nios2eds/bin/gnu/h-x86_64-mingw32/bin/../lib/gcc/nios2-elf/4.9.1/mno-hw-mul\libgcc.a(lib2-divmod.o)
 .debug_aranges
                0x0000000000000088       0x20 c:/altera/15.0/nios2eds/bin/gnu/h-x86_64-mingw32/bin/../lib/gcc/nios2-elf/4.9.1/mno-hw-mul\libgcc.a(adddf3.o)
 .debug_aranges
                0x00000000000000a8       0x20 c:/altera/15.0/nios2eds/bin/gnu/h-x86_64-mingw32/bin/../lib/gcc/nios2-elf/4.9.1/mno-hw-mul\libgcc.a(gedf2.o)
 .debug_aranges
                0x00000000000000c8       0x20 c:/altera/15.0/nios2eds/bin/gnu/h-x86_64-mingw32/bin/../lib/gcc/nios2-elf/4.9.1/mno-hw-mul\libgcc.a(ledf2.o)
 .debug_aranges
                0x00000000000000e8       0x20 c:/altera/15.0/nios2eds/bin/gnu/h-x86_64-mingw32/bin/../lib/gcc/nios2-elf/4.9.1/mno-hw-mul\libgcc.a(muldf3.o)
 .debug_aranges
                0x0000000000000108       0x20 c:/altera/15.0/nios2eds/bin/gnu/h-x86_64-mingw32/bin/../lib/gcc/nios2-elf/4.9.1/mno-hw-mul\libgcc.a(subdf3.o)
 .debug_aranges
                0x0000000000000128       0x20 c:/altera/15.0/nios2eds/bin/gnu/h-x86_64-mingw32/bin/../lib/gcc/nios2-elf/4.9.1/mno-hw-mul\libgcc.a(fixdfsi.o)
 .debug_aranges
                0x0000000000000148       0x20 c:/altera/15.0/nios2eds/bin/gnu/h-x86_64-mingw32/bin/../lib/gcc/nios2-elf/4.9.1/mno-hw-mul\libgcc.a(floatsidf.o)
 .debug_aranges
                0x0000000000000168       0x20 c:/altera/15.0/nios2eds/bin/gnu/h-x86_64-mingw32/bin/../lib/gcc/nios2-elf/4.9.1/mno-hw-mul\libgcc.a(floatunsidf.o)
 .debug_aranges
                0x0000000000000188       0x20 c:/altera/15.0/nios2eds/bin/gnu/h-x86_64-mingw32/bin/../lib/gcc/nios2-elf/4.9.1/mno-hw-mul\libgcc.a(_clzsi2.o)
 .debug_aranges
                0x00000000000001a8       0x20 c:/altera/15.0/nios2eds/bin/gnu/h-x86_64-mingw32/bin/../lib/gcc/nios2-elf/4.9.1/mno-hw-mul\libgcc.a(lib2-mul.o)
 .debug_aranges
                0x00000000000001c8       0x18 c:/altera/15.0/nios2eds/bin/gnu/h-x86_64-mingw32/bin/../lib/gcc/nios2-elf/4.9.1/mno-hw-mul\libgcc.a(_clz.o)
 .debug_aranges
                0x00000000000001e0       0x20 c:/altera/15.0/nios2eds/bin/gnu/h-x86_64-mingw32/bin/../lib/gcc/nios2-elf/4.9.1/../../../../../H-x86_64-mingw32/nios2-elf/lib/mno-hw-mul\libc.a(lib_a-rand.o)
 .debug_aranges
                0x0000000000000200       0x18 c:/altera/15.0/nios2eds/bin/gnu/h-x86_64-mingw32/bin/../lib/gcc/nios2-elf/4.9.1/../../../../../H-x86_64-mingw32/nios2-elf/lib/mno-hw-mul\libc.a(lib_a-impure.o)
 .debug_aranges
                0x0000000000000218       0x20 c:/altera/15.0/nios2eds/bin/gnu/h-x86_64-mingw32/bin/../lib/gcc/nios2-elf/4.9.1/mno-hw-mul\libgcc.a(_muldi3.o)
 .debug_aranges
                0x0000000000000238       0x20 ../flappy_bird_control_bsp/\libhal_bsp.a(alt_load.o)
 .debug_aranges
                0x0000000000000258       0x20 ../flappy_bird_control_bsp/\libhal_bsp.a(alt_main.o)
 .debug_aranges
                0x0000000000000278       0x20 ../flappy_bird_control_bsp/\libhal_bsp.a(alt_sys_init.o)
 .debug_aranges
                0x0000000000000298       0x20 ../flappy_bird_control_bsp/\libhal_bsp.a(altera_avalon_jtag_uart_fd.o)
 .debug_aranges
                0x00000000000002b8       0x20 ../flappy_bird_control_bsp/\libhal_bsp.a(altera_avalon_jtag_uart_init.o)
 .debug_aranges
                0x00000000000002d8       0x20 ../flappy_bird_control_bsp/\libhal_bsp.a(altera_avalon_jtag_uart_ioctl.o)
 .debug_aranges
                0x00000000000002f8       0x20 ../flappy_bird_control_bsp/\libhal_bsp.a(altera_avalon_jtag_uart_read.o)
 .debug_aranges
                0x0000000000000318       0x20 ../flappy_bird_control_bsp/\libhal_bsp.a(altera_avalon_jtag_uart_write.o)
 .debug_aranges
                0x0000000000000338       0x20 ../flappy_bird_control_bsp/\libhal_bsp.a(alt_alarm_start.o)
 .debug_aranges
                0x0000000000000358       0x20 ../flappy_bird_control_bsp/\libhal_bsp.a(alt_close.o)
 .debug_aranges
                0x0000000000000378       0x20 ../flappy_bird_control_bsp/\libhal_bsp.a(alt_dcache_flush_all.o)
 .debug_aranges
                0x0000000000000398       0x20 ../flappy_bird_control_bsp/\libhal_bsp.a(alt_dev.o)
 .debug_aranges
                0x00000000000003b8       0x20 ../flappy_bird_control_bsp/\libhal_bsp.a(alt_dev_llist_insert.o)
 .debug_aranges
                0x00000000000003d8       0x20 ../flappy_bird_control_bsp/\libhal_bsp.a(alt_do_ctors.o)
 .debug_aranges
                0x00000000000003f8       0x20 ../flappy_bird_control_bsp/\libhal_bsp.a(alt_do_dtors.o)
 .debug_aranges
                0x0000000000000418       0x18 ../flappy_bird_control_bsp/\libhal_bsp.a(alt_errno.o)
 .debug_aranges
                0x0000000000000430       0x20 ../flappy_bird_control_bsp/\libhal_bsp.a(alt_icache_flush_all.o)
 .debug_aranges
                0x0000000000000450       0x20 ../flappy_bird_control_bsp/\libhal_bsp.a(alt_iic.o)
 .debug_aranges
                0x0000000000000470       0x20 ../flappy_bird_control_bsp/\libhal_bsp.a(alt_iic_isr_register.o)
 .debug_aranges
                0x0000000000000490       0x20 ../flappy_bird_control_bsp/\libhal_bsp.a(alt_io_redirect.o)
 .debug_aranges
                0x00000000000004b0       0x30 ../flappy_bird_control_bsp/\libhal_bsp.a(alt_irq_entry.o)
 .debug_aranges
                0x00000000000004e0       0x20 ../flappy_bird_control_bsp/\libhal_bsp.a(alt_irq_handler.o)
 .debug_aranges
                0x0000000000000500       0x18 ../flappy_bird_control_bsp/\libhal_bsp.a(alt_irq_vars.o)
 .debug_aranges
                0x0000000000000518       0x20 ../flappy_bird_control_bsp/\libhal_bsp.a(alt_open.o)
 .debug_aranges
                0x0000000000000538       0x20 ../flappy_bird_control_bsp/\libhal_bsp.a(alt_release_fd.o)
 .debug_aranges
                0x0000000000000558       0x20 ../flappy_bird_control_bsp/\libhal_bsp.a(alt_tick.o)
 .debug_aranges
                0x0000000000000578       0x20 ../flappy_bird_control_bsp/\libhal_bsp.a(altera_nios2_gen2_irq.o)
 .debug_aranges
                0x0000000000000598       0x38 ../flappy_bird_control_bsp/\libhal_bsp.a(alt_exception_entry.o)
 .debug_aranges
                0x00000000000005d0       0x20 ../flappy_bird_control_bsp/\libhal_bsp.a(alt_find_dev.o)
 .debug_aranges
                0x00000000000005f0       0x20 ../flappy_bird_control_bsp/\libhal_bsp.a(alt_find_file.o)
 .debug_aranges
                0x0000000000000610       0x20 ../flappy_bird_control_bsp/\libhal_bsp.a(alt_get_fd.o)
 .debug_aranges
                0x0000000000000630       0x28 ../flappy_bird_control_bsp/\libhal_bsp.a(alt_instruction_exception_entry.o)
 .debug_aranges
                0x0000000000000658       0x20 c:/altera/15.0/nios2eds/bin/gnu/h-x86_64-mingw32/bin/../lib/gcc/nios2-elf/4.9.1/../../../../../H-x86_64-mingw32/nios2-elf/lib/mno-hw-mul\libc.a(lib_a-atexit.o)
 .debug_aranges
                0x0000000000000678       0x20 c:/altera/15.0/nios2eds/bin/gnu/h-x86_64-mingw32/bin/../lib/gcc/nios2-elf/4.9.1/../../../../../H-x86_64-mingw32/nios2-elf/lib/mno-hw-mul\libc.a(lib_a-exit.o)
 .debug_aranges
                0x0000000000000698       0x18 c:/altera/15.0/nios2eds/bin/gnu/h-x86_64-mingw32/bin/../lib/gcc/nios2-elf/4.9.1/../../../../../H-x86_64-mingw32/nios2-elf/lib/mno-hw-mul\libc.a(lib_a-int_errno.o)
 .debug_aranges
                0x00000000000006b0       0x20 c:/altera/15.0/nios2eds/bin/gnu/h-x86_64-mingw32/bin/../lib/gcc/nios2-elf/4.9.1/../../../../../H-x86_64-mingw32/nios2-elf/lib/mno-hw-mul\libc.a(lib_a-memcmp.o)
 .debug_aranges
                0x00000000000006d0       0x20 c:/altera/15.0/nios2eds/bin/gnu/h-x86_64-mingw32/bin/../lib/gcc/nios2-elf/4.9.1/../../../../../H-x86_64-mingw32/nios2-elf/lib/mno-hw-mul\libc.a(lib_a-memcpy.o)
 .debug_aranges
                0x00000000000006f0       0x20 c:/altera/15.0/nios2eds/bin/gnu/h-x86_64-mingw32/bin/../lib/gcc/nios2-elf/4.9.1/../../../../../H-x86_64-mingw32/nios2-elf/lib/mno-hw-mul\libc.a(lib_a-strlen.o)
 .debug_aranges
                0x0000000000000710       0x20 c:/altera/15.0/nios2eds/bin/gnu/h-x86_64-mingw32/bin/../lib/gcc/nios2-elf/4.9.1/../../../../../H-x86_64-mingw32/nios2-elf/lib/mno-hw-mul\libc.a(lib_a-__atexit.o)
 .debug_aranges
                0x0000000000000730       0x20 c:/altera/15.0/nios2eds/bin/gnu/h-x86_64-mingw32/bin/../lib/gcc/nios2-elf/4.9.1/../../../../../H-x86_64-mingw32/nios2-elf/lib/mno-hw-mul\libc.a(lib_a-__call_atexit.o)
 .debug_aranges
                0x0000000000000750       0x20 ../flappy_bird_control_bsp/\libhal_bsp.a(alt_exit.o)

.debug_pubnames
 *(.debug_pubnames)

.debug_info     0x0000000000000000     0x9fcb
 *(.debug_info .gnu.linkonce.wi.*)
 .debug_info    0x0000000000000000       0x92 ../flappy_bird_control_bsp//obj/HAL/src/crt0.o
 .debug_info    0x0000000000000092      0x4af obj/default/main.o
 .debug_info    0x0000000000000541       0xc0 c:/altera/15.0/nios2eds/bin/gnu/h-x86_64-mingw32/bin/../lib/gcc/nios2-elf/4.9.1/mno-hw-mul\libgcc.a(_fixunsdfsi.o)
 .debug_info    0x0000000000000601      0x234 c:/altera/15.0/nios2eds/bin/gnu/h-x86_64-mingw32/bin/../lib/gcc/nios2-elf/4.9.1/mno-hw-mul\libgcc.a(lib2-divmod.o)
 .debug_info    0x0000000000000835      0x485 c:/altera/15.0/nios2eds/bin/gnu/h-x86_64-mingw32/bin/../lib/gcc/nios2-elf/4.9.1/mno-hw-mul\libgcc.a(adddf3.o)
 .debug_info    0x0000000000000cba      0x202 c:/altera/15.0/nios2eds/bin/gnu/h-x86_64-mingw32/bin/../lib/gcc/nios2-elf/4.9.1/mno-hw-mul\libgcc.a(gedf2.o)
 .debug_info    0x0000000000000ebc      0x202 c:/altera/15.0/nios2eds/bin/gnu/h-x86_64-mingw32/bin/../lib/gcc/nios2-elf/4.9.1/mno-hw-mul\libgcc.a(ledf2.o)
 .debug_info    0x00000000000010be      0x5f6 c:/altera/15.0/nios2eds/bin/gnu/h-x86_64-mingw32/bin/../lib/gcc/nios2-elf/4.9.1/mno-hw-mul\libgcc.a(muldf3.o)
 .debug_info    0x00000000000016b4      0x4a2 c:/altera/15.0/nios2eds/bin/gnu/h-x86_64-mingw32/bin/../lib/gcc/nios2-elf/4.9.1/mno-hw-mul\libgcc.a(subdf3.o)
 .debug_info    0x0000000000001b56      0x1a6 c:/altera/15.0/nios2eds/bin/gnu/h-x86_64-mingw32/bin/../lib/gcc/nios2-elf/4.9.1/mno-hw-mul\libgcc.a(fixdfsi.o)
 .debug_info    0x0000000000001cfc      0x1b6 c:/altera/15.0/nios2eds/bin/gnu/h-x86_64-mingw32/bin/../lib/gcc/nios2-elf/4.9.1/mno-hw-mul\libgcc.a(floatsidf.o)
 .debug_info    0x0000000000001eb2      0x1af c:/altera/15.0/nios2eds/bin/gnu/h-x86_64-mingw32/bin/../lib/gcc/nios2-elf/4.9.1/mno-hw-mul\libgcc.a(floatunsidf.o)
 .debug_info    0x0000000000002061      0x11d c:/altera/15.0/nios2eds/bin/gnu/h-x86_64-mingw32/bin/../lib/gcc/nios2-elf/4.9.1/mno-hw-mul\libgcc.a(_clzsi2.o)
 .debug_info    0x000000000000217e       0xb4 c:/altera/15.0/nios2eds/bin/gnu/h-x86_64-mingw32/bin/../lib/gcc/nios2-elf/4.9.1/mno-hw-mul\libgcc.a(lib2-mul.o)
 .debug_info    0x0000000000002232       0xab c:/altera/15.0/nios2eds/bin/gnu/h-x86_64-mingw32/bin/../lib/gcc/nios2-elf/4.9.1/mno-hw-mul\libgcc.a(_clz.o)
 .debug_info    0x00000000000022dd      0x8a1 c:/altera/15.0/nios2eds/bin/gnu/h-x86_64-mingw32/bin/../lib/gcc/nios2-elf/4.9.1/../../../../../H-x86_64-mingw32/nios2-elf/lib/mno-hw-mul\libc.a(lib_a-rand.o)
 .debug_info    0x0000000000002b7e      0x88f c:/altera/15.0/nios2eds/bin/gnu/h-x86_64-mingw32/bin/../lib/gcc/nios2-elf/4.9.1/../../../../../H-x86_64-mingw32/nios2-elf/lib/mno-hw-mul\libc.a(lib_a-impure.o)
 .debug_info    0x000000000000340d      0x1e2 c:/altera/15.0/nios2eds/bin/gnu/h-x86_64-mingw32/bin/../lib/gcc/nios2-elf/4.9.1/mno-hw-mul\libgcc.a(_muldi3.o)
 .debug_info    0x00000000000035ef      0x13e ../flappy_bird_control_bsp/\libhal_bsp.a(alt_load.o)
 .debug_info    0x000000000000372d      0x12a ../flappy_bird_control_bsp/\libhal_bsp.a(alt_main.o)
 .debug_info    0x0000000000003857      0x4bc ../flappy_bird_control_bsp/\libhal_bsp.a(alt_sys_init.o)
 .debug_info    0x0000000000003d13      0x527 ../flappy_bird_control_bsp/\libhal_bsp.a(altera_avalon_jtag_uart_fd.o)
 .debug_info    0x000000000000423a      0x3a1 ../flappy_bird_control_bsp/\libhal_bsp.a(altera_avalon_jtag_uart_init.o)
 .debug_info    0x00000000000045db      0x279 ../flappy_bird_control_bsp/\libhal_bsp.a(altera_avalon_jtag_uart_ioctl.o)
 .debug_info    0x0000000000004854      0x342 ../flappy_bird_control_bsp/\libhal_bsp.a(altera_avalon_jtag_uart_read.o)
 .debug_info    0x0000000000004b96      0x339 ../flappy_bird_control_bsp/\libhal_bsp.a(altera_avalon_jtag_uart_write.o)
 .debug_info    0x0000000000004ecf      0x2c5 ../flappy_bird_control_bsp/\libhal_bsp.a(alt_alarm_start.o)
 .debug_info    0x0000000000005194      0x31a ../flappy_bird_control_bsp/\libhal_bsp.a(alt_close.o)
 .debug_info    0x00000000000054ae       0x8b ../flappy_bird_control_bsp/\libhal_bsp.a(alt_dcache_flush_all.o)
 .debug_info    0x0000000000005539      0x495 ../flappy_bird_control_bsp/\libhal_bsp.a(alt_dev.o)
 .debug_info    0x00000000000059ce      0x1a2 ../flappy_bird_control_bsp/\libhal_bsp.a(alt_dev_llist_insert.o)
 .debug_info    0x0000000000005b70       0x83 ../flappy_bird_control_bsp/\libhal_bsp.a(alt_do_ctors.o)
 .debug_info    0x0000000000005bf3       0x83 ../flappy_bird_control_bsp/\libhal_bsp.a(alt_do_dtors.o)
 .debug_info    0x0000000000005c76       0x9f ../flappy_bird_control_bsp/\libhal_bsp.a(alt_errno.o)
 .debug_info    0x0000000000005d15       0x8b ../flappy_bird_control_bsp/\libhal_bsp.a(alt_icache_flush_all.o)
 .debug_info    0x0000000000005da0      0x349 ../flappy_bird_control_bsp/\libhal_bsp.a(alt_iic.o)
 .debug_info    0x00000000000060e9      0x1e8 ../flappy_bird_control_bsp/\libhal_bsp.a(alt_iic_isr_register.o)
 .debug_info    0x00000000000062d1      0x49e ../flappy_bird_control_bsp/\libhal_bsp.a(alt_io_redirect.o)
 .debug_info    0x000000000000676f       0x9b ../flappy_bird_control_bsp/\libhal_bsp.a(alt_irq_entry.o)
 .debug_info    0x000000000000680a      0x180 ../flappy_bird_control_bsp/\libhal_bsp.a(alt_irq_handler.o)
 .debug_info    0x000000000000698a       0x88 ../flappy_bird_control_bsp/\libhal_bsp.a(alt_irq_vars.o)
 .debug_info    0x0000000000006a12      0x3b4 ../flappy_bird_control_bsp/\libhal_bsp.a(alt_open.o)
 .debug_info    0x0000000000006dc6      0x2b0 ../flappy_bird_control_bsp/\libhal_bsp.a(alt_release_fd.o)
 .debug_info    0x0000000000007076      0x292 ../flappy_bird_control_bsp/\libhal_bsp.a(alt_tick.o)
 .debug_info    0x0000000000007308       0x8b ../flappy_bird_control_bsp/\libhal_bsp.a(altera_nios2_gen2_irq.o)
 .debug_info    0x0000000000007393       0xa1 ../flappy_bird_control_bsp/\libhal_bsp.a(alt_exception_entry.o)
 .debug_info    0x0000000000007434      0x2e2 ../flappy_bird_control_bsp/\libhal_bsp.a(alt_find_dev.o)
 .debug_info    0x0000000000007716      0x2df ../flappy_bird_control_bsp/\libhal_bsp.a(alt_find_file.o)
 .debug_info    0x00000000000079f5      0x309 ../flappy_bird_control_bsp/\libhal_bsp.a(alt_get_fd.o)
 .debug_info    0x0000000000007cfe      0x1d8 ../flappy_bird_control_bsp/\libhal_bsp.a(alt_instruction_exception_entry.o)
 .debug_info    0x0000000000007ed6      0x10a c:/altera/15.0/nios2eds/bin/gnu/h-x86_64-mingw32/bin/../lib/gcc/nios2-elf/4.9.1/../../../../../H-x86_64-mingw32/nios2-elf/lib/mno-hw-mul\libc.a(lib_a-atexit.o)
 .debug_info    0x0000000000007fe0      0x8df c:/altera/15.0/nios2eds/bin/gnu/h-x86_64-mingw32/bin/../lib/gcc/nios2-elf/4.9.1/../../../../../H-x86_64-mingw32/nios2-elf/lib/mno-hw-mul\libc.a(lib_a-exit.o)
 .debug_info    0x00000000000088bf       0x83 c:/altera/15.0/nios2eds/bin/gnu/h-x86_64-mingw32/bin/../lib/gcc/nios2-elf/4.9.1/../../../../../H-x86_64-mingw32/nios2-elf/lib/mno-hw-mul\libc.a(lib_a-int_errno.o)
 .debug_info    0x0000000000008942      0x113 c:/altera/15.0/nios2eds/bin/gnu/h-x86_64-mingw32/bin/../lib/gcc/nios2-elf/4.9.1/../../../../../H-x86_64-mingw32/nios2-elf/lib/mno-hw-mul\libc.a(lib_a-memcmp.o)
 .debug_info    0x0000000000008a55      0x133 c:/altera/15.0/nios2eds/bin/gnu/h-x86_64-mingw32/bin/../lib/gcc/nios2-elf/4.9.1/../../../../../H-x86_64-mingw32/nios2-elf/lib/mno-hw-mul\libc.a(lib_a-memcpy.o)
 .debug_info    0x0000000000008b88       0xdb c:/altera/15.0/nios2eds/bin/gnu/h-x86_64-mingw32/bin/../lib/gcc/nios2-elf/4.9.1/../../../../../H-x86_64-mingw32/nios2-elf/lib/mno-hw-mul\libc.a(lib_a-strlen.o)
 .debug_info    0x0000000000008c63      0x93b c:/altera/15.0/nios2eds/bin/gnu/h-x86_64-mingw32/bin/../lib/gcc/nios2-elf/4.9.1/../../../../../H-x86_64-mingw32/nios2-elf/lib/mno-hw-mul\libc.a(lib_a-__atexit.o)
 .debug_info    0x000000000000959e      0x948 c:/altera/15.0/nios2eds/bin/gnu/h-x86_64-mingw32/bin/../lib/gcc/nios2-elf/4.9.1/../../../../../H-x86_64-mingw32/nios2-elf/lib/mno-hw-mul\libc.a(lib_a-__call_atexit.o)
 .debug_info    0x0000000000009ee6       0xe5 ../flappy_bird_control_bsp/\libhal_bsp.a(alt_exit.o)

.debug_abbrev   0x0000000000000000     0x37eb
 *(.debug_abbrev)
 .debug_abbrev  0x0000000000000000       0x12 ../flappy_bird_control_bsp//obj/HAL/src/crt0.o
 .debug_abbrev  0x0000000000000012      0x128 obj/default/main.o
 .debug_abbrev  0x000000000000013a       0x60 c:/altera/15.0/nios2eds/bin/gnu/h-x86_64-mingw32/bin/../lib/gcc/nios2-elf/4.9.1/mno-hw-mul\libgcc.a(_fixunsdfsi.o)
 .debug_abbrev  0x000000000000019a       0xd9 c:/altera/15.0/nios2eds/bin/gnu/h-x86_64-mingw32/bin/../lib/gcc/nios2-elf/4.9.1/mno-hw-mul\libgcc.a(lib2-divmod.o)
 .debug_abbrev  0x0000000000000273      0x13a c:/altera/15.0/nios2eds/bin/gnu/h-x86_64-mingw32/bin/../lib/gcc/nios2-elf/4.9.1/mno-hw-mul\libgcc.a(adddf3.o)
 .debug_abbrev  0x00000000000003ad      0x137 c:/altera/15.0/nios2eds/bin/gnu/h-x86_64-mingw32/bin/../lib/gcc/nios2-elf/4.9.1/mno-hw-mul\libgcc.a(gedf2.o)
 .debug_abbrev  0x00000000000004e4      0x137 c:/altera/15.0/nios2eds/bin/gnu/h-x86_64-mingw32/bin/../lib/gcc/nios2-elf/4.9.1/mno-hw-mul\libgcc.a(ledf2.o)
 .debug_abbrev  0x000000000000061b      0x132 c:/altera/15.0/nios2eds/bin/gnu/h-x86_64-mingw32/bin/../lib/gcc/nios2-elf/4.9.1/mno-hw-mul\libgcc.a(muldf3.o)
 .debug_abbrev  0x000000000000074d      0x133 c:/altera/15.0/nios2eds/bin/gnu/h-x86_64-mingw32/bin/../lib/gcc/nios2-elf/4.9.1/mno-hw-mul\libgcc.a(subdf3.o)
 .debug_abbrev  0x0000000000000880      0x119 c:/altera/15.0/nios2eds/bin/gnu/h-x86_64-mingw32/bin/../lib/gcc/nios2-elf/4.9.1/mno-hw-mul\libgcc.a(fixdfsi.o)
 .debug_abbrev  0x0000000000000999      0x11e c:/altera/15.0/nios2eds/bin/gnu/h-x86_64-mingw32/bin/../lib/gcc/nios2-elf/4.9.1/mno-hw-mul\libgcc.a(floatsidf.o)
 .debug_abbrev  0x0000000000000ab7      0x117 c:/altera/15.0/nios2eds/bin/gnu/h-x86_64-mingw32/bin/../lib/gcc/nios2-elf/4.9.1/mno-hw-mul\libgcc.a(floatunsidf.o)
 .debug_abbrev  0x0000000000000bce       0xbe c:/altera/15.0/nios2eds/bin/gnu/h-x86_64-mingw32/bin/../lib/gcc/nios2-elf/4.9.1/mno-hw-mul\libgcc.a(_clzsi2.o)
 .debug_abbrev  0x0000000000000c8c       0x6f c:/altera/15.0/nios2eds/bin/gnu/h-x86_64-mingw32/bin/../lib/gcc/nios2-elf/4.9.1/mno-hw-mul\libgcc.a(lib2-mul.o)
 .debug_abbrev  0x0000000000000cfb       0x5d c:/altera/15.0/nios2eds/bin/gnu/h-x86_64-mingw32/bin/../lib/gcc/nios2-elf/4.9.1/mno-hw-mul\libgcc.a(_clz.o)
 .debug_abbrev  0x0000000000000d58      0x1b8 c:/altera/15.0/nios2eds/bin/gnu/h-x86_64-mingw32/bin/../lib/gcc/nios2-elf/4.9.1/../../../../../H-x86_64-mingw32/nios2-elf/lib/mno-hw-mul\libc.a(lib_a-rand.o)
 .debug_abbrev  0x0000000000000f10      0x180 c:/altera/15.0/nios2eds/bin/gnu/h-x86_64-mingw32/bin/../lib/gcc/nios2-elf/4.9.1/../../../../../H-x86_64-mingw32/nios2-elf/lib/mno-hw-mul\libc.a(lib_a-impure.o)
 .debug_abbrev  0x0000000000001090       0xe0 c:/altera/15.0/nios2eds/bin/gnu/h-x86_64-mingw32/bin/../lib/gcc/nios2-elf/4.9.1/mno-hw-mul\libgcc.a(_muldi3.o)
 .debug_abbrev  0x0000000000001170       0x9f ../flappy_bird_control_bsp/\libhal_bsp.a(alt_load.o)
 .debug_abbrev  0x000000000000120f       0xba ../flappy_bird_control_bsp/\libhal_bsp.a(alt_main.o)
 .debug_abbrev  0x00000000000012c9      0x187 ../flappy_bird_control_bsp/\libhal_bsp.a(alt_sys_init.o)
 .debug_abbrev  0x0000000000001450      0x127 ../flappy_bird_control_bsp/\libhal_bsp.a(altera_avalon_jtag_uart_fd.o)
 .debug_abbrev  0x0000000000001577      0x197 ../flappy_bird_control_bsp/\libhal_bsp.a(altera_avalon_jtag_uart_init.o)
 .debug_abbrev  0x000000000000170e      0x111 ../flappy_bird_control_bsp/\libhal_bsp.a(altera_avalon_jtag_uart_ioctl.o)
 .debug_abbrev  0x000000000000181f      0x1ac ../flappy_bird_control_bsp/\libhal_bsp.a(altera_avalon_jtag_uart_read.o)
 .debug_abbrev  0x00000000000019cb      0x1a8 ../flappy_bird_control_bsp/\libhal_bsp.a(altera_avalon_jtag_uart_write.o)
 .debug_abbrev  0x0000000000001b73      0x162 ../flappy_bird_control_bsp/\libhal_bsp.a(alt_alarm_start.o)
 .debug_abbrev  0x0000000000001cd5      0x11f ../flappy_bird_control_bsp/\libhal_bsp.a(alt_close.o)
 .debug_abbrev  0x0000000000001df4       0x42 ../flappy_bird_control_bsp/\libhal_bsp.a(alt_dcache_flush_all.o)
 .debug_abbrev  0x0000000000001e36       0xd9 ../flappy_bird_control_bsp/\libhal_bsp.a(alt_dev.o)
 .debug_abbrev  0x0000000000001f0f      0x114 ../flappy_bird_control_bsp/\libhal_bsp.a(alt_dev_llist_insert.o)
 .debug_abbrev  0x0000000000002023       0x79 ../flappy_bird_control_bsp/\libhal_bsp.a(alt_do_ctors.o)
 .debug_abbrev  0x000000000000209c       0x79 ../flappy_bird_control_bsp/\libhal_bsp.a(alt_do_dtors.o)
 .debug_abbrev  0x0000000000002115       0x5a ../flappy_bird_control_bsp/\libhal_bsp.a(alt_errno.o)
 .debug_abbrev  0x000000000000216f       0x42 ../flappy_bird_control_bsp/\libhal_bsp.a(alt_icache_flush_all.o)
 .debug_abbrev  0x00000000000021b1      0x163 ../flappy_bird_control_bsp/\libhal_bsp.a(alt_iic.o)
 .debug_abbrev  0x0000000000002314      0x169 ../flappy_bird_control_bsp/\libhal_bsp.a(alt_iic_isr_register.o)
 .debug_abbrev  0x000000000000247d      0x114 ../flappy_bird_control_bsp/\libhal_bsp.a(alt_io_redirect.o)
 .debug_abbrev  0x0000000000002591       0x12 ../flappy_bird_control_bsp/\libhal_bsp.a(alt_irq_entry.o)
 .debug_abbrev  0x00000000000025a3      0x122 ../flappy_bird_control_bsp/\libhal_bsp.a(alt_irq_handler.o)
 .debug_abbrev  0x00000000000026c5       0x40 ../flappy_bird_control_bsp/\libhal_bsp.a(alt_irq_vars.o)
 .debug_abbrev  0x0000000000002705      0x148 ../flappy_bird_control_bsp/\libhal_bsp.a(alt_open.o)
 .debug_abbrev  0x000000000000284d       0xde ../flappy_bird_control_bsp/\libhal_bsp.a(alt_release_fd.o)
 .debug_abbrev  0x000000000000292b      0x15a ../flappy_bird_control_bsp/\libhal_bsp.a(alt_tick.o)
 .debug_abbrev  0x0000000000002a85       0x42 ../flappy_bird_control_bsp/\libhal_bsp.a(altera_nios2_gen2_irq.o)
 .debug_abbrev  0x0000000000002ac7       0x12 ../flappy_bird_control_bsp/\libhal_bsp.a(alt_exception_entry.o)
 .debug_abbrev  0x0000000000002ad9       0xf0 ../flappy_bird_control_bsp/\libhal_bsp.a(alt_find_dev.o)
 .debug_abbrev  0x0000000000002bc9       0xf0 ../flappy_bird_control_bsp/\libhal_bsp.a(alt_find_file.o)
 .debug_abbrev  0x0000000000002cb9      0x10d ../flappy_bird_control_bsp/\libhal_bsp.a(alt_get_fd.o)
 .debug_abbrev  0x0000000000002dc6       0xd1 ../flappy_bird_control_bsp/\libhal_bsp.a(alt_instruction_exception_entry.o)
 .debug_abbrev  0x0000000000002e97       0xb8 c:/altera/15.0/nios2eds/bin/gnu/h-x86_64-mingw32/bin/../lib/gcc/nios2-elf/4.9.1/../../../../../H-x86_64-mingw32/nios2-elf/lib/mno-hw-mul\libc.a(lib_a-atexit.o)
 .debug_abbrev  0x0000000000002f4f      0x1e6 c:/altera/15.0/nios2eds/bin/gnu/h-x86_64-mingw32/bin/../lib/gcc/nios2-elf/4.9.1/../../../../../H-x86_64-mingw32/nios2-elf/lib/mno-hw-mul\libc.a(lib_a-exit.o)
 .debug_abbrev  0x0000000000003135       0x37 c:/altera/15.0/nios2eds/bin/gnu/h-x86_64-mingw32/bin/../lib/gcc/nios2-elf/4.9.1/../../../../../H-x86_64-mingw32/nios2-elf/lib/mno-hw-mul\libc.a(lib_a-int_errno.o)
 .debug_abbrev  0x000000000000316c       0x7f c:/altera/15.0/nios2eds/bin/gnu/h-x86_64-mingw32/bin/../lib/gcc/nios2-elf/4.9.1/../../../../../H-x86_64-mingw32/nios2-elf/lib/mno-hw-mul\libc.a(lib_a-memcmp.o)
 .debug_abbrev  0x00000000000031eb       0x9c c:/altera/15.0/nios2eds/bin/gnu/h-x86_64-mingw32/bin/../lib/gcc/nios2-elf/4.9.1/../../../../../H-x86_64-mingw32/nios2-elf/lib/mno-hw-mul\libc.a(lib_a-memcpy.o)
 .debug_abbrev  0x0000000000003287       0x90 c:/altera/15.0/nios2eds/bin/gnu/h-x86_64-mingw32/bin/../lib/gcc/nios2-elf/4.9.1/../../../../../H-x86_64-mingw32/nios2-elf/lib/mno-hw-mul\libc.a(lib_a-strlen.o)
 .debug_abbrev  0x0000000000003317      0x21e c:/altera/15.0/nios2eds/bin/gnu/h-x86_64-mingw32/bin/../lib/gcc/nios2-elf/4.9.1/../../../../../H-x86_64-mingw32/nios2-elf/lib/mno-hw-mul\libc.a(lib_a-__atexit.o)
 .debug_abbrev  0x0000000000003535      0x210 c:/altera/15.0/nios2eds/bin/gnu/h-x86_64-mingw32/bin/../lib/gcc/nios2-elf/4.9.1/../../../../../H-x86_64-mingw32/nios2-elf/lib/mno-hw-mul\libc.a(lib_a-__call_atexit.o)
 .debug_abbrev  0x0000000000003745       0xa6 ../flappy_bird_control_bsp/\libhal_bsp.a(alt_exit.o)

.debug_line     0x0000000000000000     0x3ca0
 *(.debug_line)
 .debug_line    0x0000000000000000       0x66 ../flappy_bird_control_bsp//obj/HAL/src/crt0.o
 .debug_line    0x0000000000000066      0x251 obj/default/main.o
 .debug_line    0x00000000000002b7       0x6e c:/altera/15.0/nios2eds/bin/gnu/h-x86_64-mingw32/bin/../lib/gcc/nios2-elf/4.9.1/mno-hw-mul\libgcc.a(_fixunsdfsi.o)
 .debug_line    0x0000000000000325       0xc7 c:/altera/15.0/nios2eds/bin/gnu/h-x86_64-mingw32/bin/../lib/gcc/nios2-elf/4.9.1/mno-hw-mul\libgcc.a(lib2-divmod.o)
 .debug_line    0x00000000000003ec      0x386 c:/altera/15.0/nios2eds/bin/gnu/h-x86_64-mingw32/bin/../lib/gcc/nios2-elf/4.9.1/mno-hw-mul\libgcc.a(adddf3.o)
 .debug_line    0x0000000000000772       0xce c:/altera/15.0/nios2eds/bin/gnu/h-x86_64-mingw32/bin/../lib/gcc/nios2-elf/4.9.1/mno-hw-mul\libgcc.a(gedf2.o)
 .debug_line    0x0000000000000840       0xcd c:/altera/15.0/nios2eds/bin/gnu/h-x86_64-mingw32/bin/../lib/gcc/nios2-elf/4.9.1/mno-hw-mul\libgcc.a(ledf2.o)
 .debug_line    0x000000000000090d      0x1e2 c:/altera/15.0/nios2eds/bin/gnu/h-x86_64-mingw32/bin/../lib/gcc/nios2-elf/4.9.1/mno-hw-mul\libgcc.a(muldf3.o)
 .debug_line    0x0000000000000aef      0x3a1 c:/altera/15.0/nios2eds/bin/gnu/h-x86_64-mingw32/bin/../lib/gcc/nios2-elf/4.9.1/mno-hw-mul\libgcc.a(subdf3.o)
 .debug_line    0x0000000000000e90       0x9c c:/altera/15.0/nios2eds/bin/gnu/h-x86_64-mingw32/bin/../lib/gcc/nios2-elf/4.9.1/mno-hw-mul\libgcc.a(fixdfsi.o)
 .debug_line    0x0000000000000f2c       0xa0 c:/altera/15.0/nios2eds/bin/gnu/h-x86_64-mingw32/bin/../lib/gcc/nios2-elf/4.9.1/mno-hw-mul\libgcc.a(floatsidf.o)
 .debug_line    0x0000000000000fcc       0x96 c:/altera/15.0/nios2eds/bin/gnu/h-x86_64-mingw32/bin/../lib/gcc/nios2-elf/4.9.1/mno-hw-mul\libgcc.a(floatunsidf.o)
 .debug_line    0x0000000000001062       0xba c:/altera/15.0/nios2eds/bin/gnu/h-x86_64-mingw32/bin/../lib/gcc/nios2-elf/4.9.1/mno-hw-mul\libgcc.a(_clzsi2.o)
 .debug_line    0x000000000000111c       0x80 c:/altera/15.0/nios2eds/bin/gnu/h-x86_64-mingw32/bin/../lib/gcc/nios2-elf/4.9.1/mno-hw-mul\libgcc.a(lib2-mul.o)
 .debug_line    0x000000000000119c       0x56 c:/altera/15.0/nios2eds/bin/gnu/h-x86_64-mingw32/bin/../lib/gcc/nios2-elf/4.9.1/mno-hw-mul\libgcc.a(_clz.o)
 .debug_line    0x00000000000011f2      0x1f3 c:/altera/15.0/nios2eds/bin/gnu/h-x86_64-mingw32/bin/../lib/gcc/nios2-elf/4.9.1/../../../../../H-x86_64-mingw32/nios2-elf/lib/mno-hw-mul\libc.a(lib_a-rand.o)
 .debug_line    0x00000000000013e5      0x162 c:/altera/15.0/nios2eds/bin/gnu/h-x86_64-mingw32/bin/../lib/gcc/nios2-elf/4.9.1/../../../../../H-x86_64-mingw32/nios2-elf/lib/mno-hw-mul\libc.a(lib_a-impure.o)
 .debug_line    0x0000000000001547       0xa1 c:/altera/15.0/nios2eds/bin/gnu/h-x86_64-mingw32/bin/../lib/gcc/nios2-elf/4.9.1/mno-hw-mul\libgcc.a(_muldi3.o)
 .debug_line    0x00000000000015e8       0x8d ../flappy_bird_control_bsp/\libhal_bsp.a(alt_load.o)
 .debug_line    0x0000000000001675       0xa4 ../flappy_bird_control_bsp/\libhal_bsp.a(alt_main.o)
 .debug_line    0x0000000000001719      0x137 ../flappy_bird_control_bsp/\libhal_bsp.a(alt_sys_init.o)
 .debug_line    0x0000000000001850      0x12f ../flappy_bird_control_bsp/\libhal_bsp.a(altera_avalon_jtag_uart_fd.o)
 .debug_line    0x000000000000197f      0x180 ../flappy_bird_control_bsp/\libhal_bsp.a(altera_avalon_jtag_uart_init.o)
 .debug_line    0x0000000000001aff      0x12e ../flappy_bird_control_bsp/\libhal_bsp.a(altera_avalon_jtag_uart_ioctl.o)
 .debug_line    0x0000000000001c2d      0x16a ../flappy_bird_control_bsp/\libhal_bsp.a(altera_avalon_jtag_uart_read.o)
 .debug_line    0x0000000000001d97      0x16a ../flappy_bird_control_bsp/\libhal_bsp.a(altera_avalon_jtag_uart_write.o)
 .debug_line    0x0000000000001f01       0xfa ../flappy_bird_control_bsp/\libhal_bsp.a(alt_alarm_start.o)
 .debug_line    0x0000000000001ffb      0x15e ../flappy_bird_control_bsp/\libhal_bsp.a(alt_close.o)
 .debug_line    0x0000000000002159       0x51 ../flappy_bird_control_bsp/\libhal_bsp.a(alt_dcache_flush_all.o)
 .debug_line    0x00000000000021aa       0xf0 ../flappy_bird_control_bsp/\libhal_bsp.a(alt_dev.o)
 .debug_line    0x000000000000229a       0xd0 ../flappy_bird_control_bsp/\libhal_bsp.a(alt_dev_llist_insert.o)
 .debug_line    0x000000000000236a       0x59 ../flappy_bird_control_bsp/\libhal_bsp.a(alt_do_ctors.o)
 .debug_line    0x00000000000023c3       0x59 ../flappy_bird_control_bsp/\libhal_bsp.a(alt_do_dtors.o)
 .debug_line    0x000000000000241c       0x51 ../flappy_bird_control_bsp/\libhal_bsp.a(alt_errno.o)
 .debug_line    0x000000000000246d       0x4f ../flappy_bird_control_bsp/\libhal_bsp.a(alt_icache_flush_all.o)
 .debug_line    0x00000000000024bc       0xef ../flappy_bird_control_bsp/\libhal_bsp.a(alt_iic.o)
 .debug_line    0x00000000000025ab       0xdb ../flappy_bird_control_bsp/\libhal_bsp.a(alt_iic_isr_register.o)
 .debug_line    0x0000000000002686      0x12d ../flappy_bird_control_bsp/\libhal_bsp.a(alt_io_redirect.o)
 .debug_line    0x00000000000027b3       0x6b ../flappy_bird_control_bsp/\libhal_bsp.a(alt_irq_entry.o)
 .debug_line    0x000000000000281e       0xaa ../flappy_bird_control_bsp/\libhal_bsp.a(alt_irq_handler.o)
 .debug_line    0x00000000000028c8       0x50 ../flappy_bird_control_bsp/\libhal_bsp.a(alt_irq_vars.o)
 .debug_line    0x0000000000002918      0x12d ../flappy_bird_control_bsp/\libhal_bsp.a(alt_open.o)
 .debug_line    0x0000000000002a45       0xb0 ../flappy_bird_control_bsp/\libhal_bsp.a(alt_release_fd.o)
 .debug_line    0x0000000000002af5       0xfe ../flappy_bird_control_bsp/\libhal_bsp.a(alt_tick.o)
 .debug_line    0x0000000000002bf3       0x51 ../flappy_bird_control_bsp/\libhal_bsp.a(altera_nios2_gen2_irq.o)
 .debug_line    0x0000000000002c44       0xb3 ../flappy_bird_control_bsp/\libhal_bsp.a(alt_exception_entry.o)
 .debug_line    0x0000000000002cf7       0xb5 ../flappy_bird_control_bsp/\libhal_bsp.a(alt_find_dev.o)
 .debug_line    0x0000000000002dac       0xd1 ../flappy_bird_control_bsp/\libhal_bsp.a(alt_find_file.o)
 .debug_line    0x0000000000002e7d       0xd8 ../flappy_bird_control_bsp/\libhal_bsp.a(alt_get_fd.o)
 .debug_line    0x0000000000002f55       0xb9 ../flappy_bird_control_bsp/\libhal_bsp.a(alt_instruction_exception_entry.o)
 .debug_line    0x000000000000300e       0xe9 c:/altera/15.0/nios2eds/bin/gnu/h-x86_64-mingw32/bin/../lib/gcc/nios2-elf/4.9.1/../../../../../H-x86_64-mingw32/nios2-elf/lib/mno-hw-mul\libc.a(lib_a-atexit.o)
 .debug_line    0x00000000000030f7      0x1fd c:/altera/15.0/nios2eds/bin/gnu/h-x86_64-mingw32/bin/../lib/gcc/nios2-elf/4.9.1/../../../../../H-x86_64-mingw32/nios2-elf/lib/mno-hw-mul\libc.a(lib_a-exit.o)
 .debug_line    0x00000000000032f4       0x60 c:/altera/15.0/nios2eds/bin/gnu/h-x86_64-mingw32/bin/../lib/gcc/nios2-elf/4.9.1/../../../../../H-x86_64-mingw32/nios2-elf/lib/mno-hw-mul\libc.a(lib_a-int_errno.o)
 .debug_line    0x0000000000003354      0x178 c:/altera/15.0/nios2eds/bin/gnu/h-x86_64-mingw32/bin/../lib/gcc/nios2-elf/4.9.1/../../../../../H-x86_64-mingw32/nios2-elf/lib/mno-hw-mul\libc.a(lib_a-memcmp.o)
 .debug_line    0x00000000000034cc      0x187 c:/altera/15.0/nios2eds/bin/gnu/h-x86_64-mingw32/bin/../lib/gcc/nios2-elf/4.9.1/../../../../../H-x86_64-mingw32/nios2-elf/lib/mno-hw-mul\libc.a(lib_a-memcpy.o)
 .debug_line    0x0000000000003653      0x171 c:/altera/15.0/nios2eds/bin/gnu/h-x86_64-mingw32/bin/../lib/gcc/nios2-elf/4.9.1/../../../../../H-x86_64-mingw32/nios2-elf/lib/mno-hw-mul\libc.a(lib_a-strlen.o)
 .debug_line    0x00000000000037c4      0x227 c:/altera/15.0/nios2eds/bin/gnu/h-x86_64-mingw32/bin/../lib/gcc/nios2-elf/4.9.1/../../../../../H-x86_64-mingw32/nios2-elf/lib/mno-hw-mul\libc.a(lib_a-__atexit.o)
 .debug_line    0x00000000000039eb      0x244 c:/altera/15.0/nios2eds/bin/gnu/h-x86_64-mingw32/bin/../lib/gcc/nios2-elf/4.9.1/../../../../../H-x86_64-mingw32/nios2-elf/lib/mno-hw-mul\libc.a(lib_a-__call_atexit.o)
 .debug_line    0x0000000000003c2f       0x71 ../flappy_bird_control_bsp/\libhal_bsp.a(alt_exit.o)

.debug_frame    0x0000000000000000      0xe8c
 *(.debug_frame)
 .debug_frame   0x0000000000000000       0xf8 obj/default/main.o
 .debug_frame   0x00000000000000f8       0x38 c:/altera/15.0/nios2eds/bin/gnu/h-x86_64-mingw32/bin/../lib/gcc/nios2-elf/4.9.1/mno-hw-mul\libgcc.a(_fixunsdfsi.o)
 .debug_frame   0x0000000000000130       0x8c c:/altera/15.0/nios2eds/bin/gnu/h-x86_64-mingw32/bin/../lib/gcc/nios2-elf/4.9.1/mno-hw-mul\libgcc.a(lib2-divmod.o)
 .debug_frame   0x00000000000001bc       0x40 c:/altera/15.0/nios2eds/bin/gnu/h-x86_64-mingw32/bin/../lib/gcc/nios2-elf/4.9.1/mno-hw-mul\libgcc.a(adddf3.o)
 .debug_frame   0x00000000000001fc       0x20 c:/altera/15.0/nios2eds/bin/gnu/h-x86_64-mingw32/bin/../lib/gcc/nios2-elf/4.9.1/mno-hw-mul\libgcc.a(gedf2.o)
 .debug_frame   0x000000000000021c       0x20 c:/altera/15.0/nios2eds/bin/gnu/h-x86_64-mingw32/bin/../lib/gcc/nios2-elf/4.9.1/mno-hw-mul\libgcc.a(ledf2.o)
 .debug_frame   0x000000000000023c       0x58 c:/altera/15.0/nios2eds/bin/gnu/h-x86_64-mingw32/bin/../lib/gcc/nios2-elf/4.9.1/mno-hw-mul\libgcc.a(muldf3.o)
 .debug_frame   0x0000000000000294       0x44 c:/altera/15.0/nios2eds/bin/gnu/h-x86_64-mingw32/bin/../lib/gcc/nios2-elf/4.9.1/mno-hw-mul\libgcc.a(subdf3.o)
 .debug_frame   0x00000000000002d8       0x20 c:/altera/15.0/nios2eds/bin/gnu/h-x86_64-mingw32/bin/../lib/gcc/nios2-elf/4.9.1/mno-hw-mul\libgcc.a(fixdfsi.o)
 .debug_frame   0x00000000000002f8       0x38 c:/altera/15.0/nios2eds/bin/gnu/h-x86_64-mingw32/bin/../lib/gcc/nios2-elf/4.9.1/mno-hw-mul\libgcc.a(floatsidf.o)
 .debug_frame   0x0000000000000330       0x34 c:/altera/15.0/nios2eds/bin/gnu/h-x86_64-mingw32/bin/../lib/gcc/nios2-elf/4.9.1/mno-hw-mul\libgcc.a(floatunsidf.o)
 .debug_frame   0x0000000000000364       0x20 c:/altera/15.0/nios2eds/bin/gnu/h-x86_64-mingw32/bin/../lib/gcc/nios2-elf/4.9.1/mno-hw-mul\libgcc.a(_clzsi2.o)
 .debug_frame   0x0000000000000384       0x20 c:/altera/15.0/nios2eds/bin/gnu/h-x86_64-mingw32/bin/../lib/gcc/nios2-elf/4.9.1/mno-hw-mul\libgcc.a(lib2-mul.o)
 .debug_frame   0x00000000000003a4       0x44 c:/altera/15.0/nios2eds/bin/gnu/h-x86_64-mingw32/bin/../lib/gcc/nios2-elf/4.9.1/../../../../../H-x86_64-mingw32/nios2-elf/lib/mno-hw-mul\libc.a(lib_a-rand.o)
 .debug_frame   0x00000000000003e8       0x54 c:/altera/15.0/nios2eds/bin/gnu/h-x86_64-mingw32/bin/../lib/gcc/nios2-elf/4.9.1/mno-hw-mul\libgcc.a(_muldi3.o)
 .debug_frame   0x000000000000043c       0x5c ../flappy_bird_control_bsp/\libhal_bsp.a(alt_load.o)
 .debug_frame   0x0000000000000498       0x2c ../flappy_bird_control_bsp/\libhal_bsp.a(alt_main.o)
 .debug_frame   0x00000000000004c4       0x88 ../flappy_bird_control_bsp/\libhal_bsp.a(alt_sys_init.o)
 .debug_frame   0x000000000000054c       0xb0 ../flappy_bird_control_bsp/\libhal_bsp.a(altera_avalon_jtag_uart_fd.o)
 .debug_frame   0x00000000000005fc       0xa4 ../flappy_bird_control_bsp/\libhal_bsp.a(altera_avalon_jtag_uart_init.o)
 .debug_frame   0x00000000000006a0       0x34 ../flappy_bird_control_bsp/\libhal_bsp.a(altera_avalon_jtag_uart_ioctl.o)
 .debug_frame   0x00000000000006d4       0x38 ../flappy_bird_control_bsp/\libhal_bsp.a(altera_avalon_jtag_uart_read.o)
 .debug_frame   0x000000000000070c       0x38 ../flappy_bird_control_bsp/\libhal_bsp.a(altera_avalon_jtag_uart_write.o)
 .debug_frame   0x0000000000000744       0x34 ../flappy_bird_control_bsp/\libhal_bsp.a(alt_alarm_start.o)
 .debug_frame   0x0000000000000778       0x60 ../flappy_bird_control_bsp/\libhal_bsp.a(alt_close.o)
 .debug_frame   0x00000000000007d8       0x34 ../flappy_bird_control_bsp/\libhal_bsp.a(alt_dcache_flush_all.o)
 .debug_frame   0x000000000000080c       0x34 ../flappy_bird_control_bsp/\libhal_bsp.a(alt_dev.o)
 .debug_frame   0x0000000000000840       0x60 ../flappy_bird_control_bsp/\libhal_bsp.a(alt_dev_llist_insert.o)
 .debug_frame   0x00000000000008a0       0x38 ../flappy_bird_control_bsp/\libhal_bsp.a(alt_do_ctors.o)
 .debug_frame   0x00000000000008d8       0x38 ../flappy_bird_control_bsp/\libhal_bsp.a(alt_do_dtors.o)
 .debug_frame   0x0000000000000910       0x34 ../flappy_bird_control_bsp/\libhal_bsp.a(alt_icache_flush_all.o)
 .debug_frame   0x0000000000000944       0xa4 ../flappy_bird_control_bsp/\libhal_bsp.a(alt_iic.o)
 .debug_frame   0x00000000000009e8       0x38 ../flappy_bird_control_bsp/\libhal_bsp.a(alt_iic_isr_register.o)
 .debug_frame   0x0000000000000a20       0x64 ../flappy_bird_control_bsp/\libhal_bsp.a(alt_io_redirect.o)
 .debug_frame   0x0000000000000a84       0x38 ../flappy_bird_control_bsp/\libhal_bsp.a(alt_irq_handler.o)
 .debug_frame   0x0000000000000abc       0x8c ../flappy_bird_control_bsp/\libhal_bsp.a(alt_open.o)
 .debug_frame   0x0000000000000b48       0x3c ../flappy_bird_control_bsp/\libhal_bsp.a(alt_release_fd.o)
 .debug_frame   0x0000000000000b84       0x5c ../flappy_bird_control_bsp/\libhal_bsp.a(alt_tick.o)
 .debug_frame   0x0000000000000be0       0x34 ../flappy_bird_control_bsp/\libhal_bsp.a(altera_nios2_gen2_irq.o)
 .debug_frame   0x0000000000000c14       0x38 ../flappy_bird_control_bsp/\libhal_bsp.a(alt_find_dev.o)
 .debug_frame   0x0000000000000c4c       0x38 ../flappy_bird_control_bsp/\libhal_bsp.a(alt_find_file.o)
 .debug_frame   0x0000000000000c84       0x3c ../flappy_bird_control_bsp/\libhal_bsp.a(alt_get_fd.o)
 .debug_frame   0x0000000000000cc0       0x5c ../flappy_bird_control_bsp/\libhal_bsp.a(alt_instruction_exception_entry.o)
 .debug_frame   0x0000000000000d1c       0x20 c:/altera/15.0/nios2eds/bin/gnu/h-x86_64-mingw32/bin/../lib/gcc/nios2-elf/4.9.1/../../../../../H-x86_64-mingw32/nios2-elf/lib/mno-hw-mul\libc.a(lib_a-atexit.o)
 .debug_frame   0x0000000000000d3c       0x28 c:/altera/15.0/nios2eds/bin/gnu/h-x86_64-mingw32/bin/../lib/gcc/nios2-elf/4.9.1/../../../../../H-x86_64-mingw32/nios2-elf/lib/mno-hw-mul\libc.a(lib_a-exit.o)
 .debug_frame   0x0000000000000d64       0x20 c:/altera/15.0/nios2eds/bin/gnu/h-x86_64-mingw32/bin/../lib/gcc/nios2-elf/4.9.1/../../../../../H-x86_64-mingw32/nios2-elf/lib/mno-hw-mul\libc.a(lib_a-memcmp.o)
 .debug_frame   0x0000000000000d84       0x30 c:/altera/15.0/nios2eds/bin/gnu/h-x86_64-mingw32/bin/../lib/gcc/nios2-elf/4.9.1/../../../../../H-x86_64-mingw32/nios2-elf/lib/mno-hw-mul\libc.a(lib_a-memcpy.o)
 .debug_frame   0x0000000000000db4       0x20 c:/altera/15.0/nios2eds/bin/gnu/h-x86_64-mingw32/bin/../lib/gcc/nios2-elf/4.9.1/../../../../../H-x86_64-mingw32/nios2-elf/lib/mno-hw-mul\libc.a(lib_a-strlen.o)
 .debug_frame   0x0000000000000dd4       0x38 c:/altera/15.0/nios2eds/bin/gnu/h-x86_64-mingw32/bin/../lib/gcc/nios2-elf/4.9.1/../../../../../H-x86_64-mingw32/nios2-elf/lib/mno-hw-mul\libc.a(lib_a-__atexit.o)
 .debug_frame   0x0000000000000e0c       0x54 c:/altera/15.0/nios2eds/bin/gnu/h-x86_64-mingw32/bin/../lib/gcc/nios2-elf/4.9.1/../../../../../H-x86_64-mingw32/nios2-elf/lib/mno-hw-mul\libc.a(lib_a-__call_atexit.o)
 .debug_frame   0x0000000000000e60       0x2c ../flappy_bird_control_bsp/\libhal_bsp.a(alt_exit.o)

.debug_str      0x0000000000000000     0x217a
 *(.debug_str)
 .debug_str     0x0000000000000000      0x289 obj/default/main.o
                                        0x2e7 (size before relaxing)
 .debug_str     0x0000000000000289      0x160 c:/altera/15.0/nios2eds/bin/gnu/h-x86_64-mingw32/bin/../lib/gcc/nios2-elf/4.9.1/mno-hw-mul\libgcc.a(_fixunsdfsi.o)
                                        0x1dd (size before relaxing)
 .debug_str     0x00000000000003e9       0x7f c:/altera/15.0/nios2eds/bin/gnu/h-x86_64-mingw32/bin/../lib/gcc/nios2-elf/4.9.1/mno-hw-mul\libgcc.a(lib2-divmod.o)
                                        0x1d0 (size before relaxing)
 .debug_str     0x0000000000000468       0xd2 c:/altera/15.0/nios2eds/bin/gnu/h-x86_64-mingw32/bin/../lib/gcc/nios2-elf/4.9.1/mno-hw-mul\libgcc.a(adddf3.o)
                                        0x262 (size before relaxing)
 .debug_str     0x000000000000053a       0x4f c:/altera/15.0/nios2eds/bin/gnu/h-x86_64-mingw32/bin/../lib/gcc/nios2-elf/4.9.1/mno-hw-mul\libgcc.a(gedf2.o)
                                        0x215 (size before relaxing)
 .debug_str     0x0000000000000589       0x37 c:/altera/15.0/nios2eds/bin/gnu/h-x86_64-mingw32/bin/../lib/gcc/nios2-elf/4.9.1/mno-hw-mul\libgcc.a(ledf2.o)
                                        0x215 (size before relaxing)
 .debug_str     0x00000000000005c0       0xe2 c:/altera/15.0/nios2eds/bin/gnu/h-x86_64-mingw32/bin/../lib/gcc/nios2-elf/4.9.1/mno-hw-mul\libgcc.a(muldf3.o)
                                        0x2bb (size before relaxing)
 .debug_str     0x00000000000006a2       0x39 c:/altera/15.0/nios2eds/bin/gnu/h-x86_64-mingw32/bin/../lib/gcc/nios2-elf/4.9.1/mno-hw-mul\libgcc.a(subdf3.o)
                                        0x262 (size before relaxing)
 .debug_str     0x00000000000006db       0x43 c:/altera/15.0/nios2eds/bin/gnu/h-x86_64-mingw32/bin/../lib/gcc/nios2-elf/4.9.1/mno-hw-mul\libgcc.a(fixdfsi.o)
                                        0x20e (size before relaxing)
 .debug_str     0x000000000000071e       0x4c c:/altera/15.0/nios2eds/bin/gnu/h-x86_64-mingw32/bin/../lib/gcc/nios2-elf/4.9.1/mno-hw-mul\libgcc.a(floatsidf.o)
                                        0x212 (size before relaxing)
 .debug_str     0x000000000000076a       0x43 c:/altera/15.0/nios2eds/bin/gnu/h-x86_64-mingw32/bin/../lib/gcc/nios2-elf/4.9.1/mno-hw-mul\libgcc.a(floatunsidf.o)
                                        0x20f (size before relaxing)